******************************************************************************
                  TI ARM Linker Unix v20.2.1                   
******************************************************************************
>> Linked Sun Nov 29 19:28:48 2020

OUTPUT FILE NAME:   <EmL_Session02_fin_project.out>
ENTRY POINT SYMBOL: "_c_int00_noargs"  address: 00000c55


MEMORY CONFIGURATION

         name            origin    length      used     unused   attr    fill
----------------------  --------  ---------  --------  --------  ----  --------
  FLASH                 00000000   00040000  0000144b  0003ebb5  R  X
  SRAM                  20000000   00008000  000005bd  00007a43  RW X


SEGMENT ALLOCATION MAP

run origin  load origin   length   init length attrs members
----------  ----------- ---------- ----------- ----- -------
00000000    00000000    00001450   00001450    r-x
  00000000    00000000    0000026c   0000026c    r-- .intvecs
  0000026c    0000026c    00000a5a   00000a5a    r-x .text
  00000cc6    00000cc6    00000755   00000755    r-- .const
  00001420    00001420    00000030   00000030    r-- .cinit
20000000    20000000    000005c0   00000000    rw-
  20000000    20000000    000003bc   00000000    rw- .bss
  200003bc    200003bc    00000001   00000000    rw- .data
  200003c0    200003c0    00000200   00000000    rw- .stack


SECTION ALLOCATION MAP

 output                                  attributes/
section   page    origin      length       input sections
--------  ----  ----------  ----------   ----------------
.intvecs   0    00000000    0000026c     
                  00000000    0000026c     tm4c123gh6pm_startup_ccs.obj (.intvecs)

.text      0    0000026c    00000a5a     
                  0000026c    00000550     nokia5110.obj (.text)
                  000007bc    000000f4     adc.obj (.text)
                  000008b0    000000d4     main.obj (.text)
                  00000984    0000009c     rtsv7M4_T_le_v4SPD16_eabi.lib : memcpy_t2.asm.obj (.text)
                  00000a20    00000074     sysclk.obj (.text)
                  00000a94    00000068     rtsv7M4_T_le_v4SPD16_eabi.lib : copy_decompress_lzss.c.obj (.text:decompress:lzss:__TI_decompress_lzss)
                  00000afc    00000068     gpio.obj (.text)
                  00000b64    00000068     lcd.obj (.text)
                  00000bcc    00000044     rtsv7M4_T_le_v4SPD16_eabi.lib : autoinit.c.obj (.text:__TI_auto_init_nobinit_nopinit:__TI_auto_init_nobinit_nopinit)
                  00000c10    00000044     systick.obj (.text)
                  00000c54    00000034     rtsv7M4_T_le_v4SPD16_eabi.lib : boot_cortex_m.c.obj (.text:_c_int00_noargs:_c_int00_noargs)
                  00000c88    0000001c                                   : copy_zero_init.c.obj (.text:decompress:ZI:__TI_zero_init_nomemset:__TI_zero_init_nomemset)
                  00000ca4    0000000e                                   : copy_decompress_none.c.obj (.text:decompress:none:__TI_decompress_none)
                  00000cb2    0000000c     tm4c123gh6pm_startup_ccs.obj (.text)
                  00000cbe    00000004     rtsv7M4_T_le_v4SPD16_eabi.lib : pre_init.c.obj (.text:_system_pre_init)
                  00000cc2    00000004                                   : exit.c.obj (.text:abort:abort)

.const     0    00000cc6    00000755     
                  00000cc6    000001e0     nokia5110.obj (.const:ASCII)
                  00000ea6    000000d7     main.obj (.const:.string:PlayerShip0)
                  00000f7d    000000c7     main.obj (.const:.string:SmallEnemy10PointA)
                  00001044    000000c7     main.obj (.const:.string:SmallEnemy20PointA)
                  0000110b    000000c7     main.obj (.const:.string:SmallEnemy20PointB)
                  000011d2    000000c7     main.obj (.const:.string:SmallEnemy30PointA)
                  00001299    000000c7     main.obj (.const:.string:SmallEnemy30PointB)
                  00001360    000000b3     main.obj (.const:.string:Bunker0)
                  00001413    00000008     nokia5110.obj (.const:.string:BitMask)

.cinit     0    00001420    00000030     
                  00001420    0000000c     (__TI_handler_table)
                  0000142c    00000004     --HOLE-- [fill = 0]
                  00001430    00000008     (.cinit..bss.load) [load image, compression = zero_init]
                  00001438    00000005     (.cinit..data.load) [load image, compression = lzss]
                  0000143d    00000003     --HOLE-- [fill = 0]
                  00001440    00000010     (__TI_cinit_table)

.init_array 
*          0    00000000    00000000     UNINITIALIZED

.bss       0    20000000    000003bc     UNINITIALIZED
                  20000000    000001f8     (.common:Screen)
                  200001f8    000001a4     (.common:PlotImage)
                  2000039c    00000010     (.common:ADC)
                  200003ac    00000004     (.common:X)
                  200003b0    00000004     (.common:Ymax)
                  200003b4    00000004     (.common:Ymin)
                  200003b8    00000004     (.common:Yrange)

.data      0    200003bc    00000001     UNINITIALIZED
                  200003bc    00000001     main.obj (.data)

.stack     0    200003c0    00000200     UNINITIALIZED
                  200003c0    00000004     rtsv7M4_T_le_v4SPD16_eabi.lib : boot_cortex_m.c.obj (.stack)
                  200003c4    000001fc     --HOLE--

__llvm_prf_cnts 
*          0    20000000    00000000     UNINITIALIZED

MODULE SUMMARY

       Module                         code   ro data   rw data
       ------                         ----   -------   -------
    ./
       nokia5110.obj                  1360   488       436    
       main.obj                       212    1389      1      
       tm4c123gh6pm_startup_ccs.obj   12     620       0      
       lcd.obj                        104    0         504    
       adc.obj                        244    0         16     
       sysclk.obj                     116    0         0      
       gpio.obj                       104    0         0      
       systick.obj                    68     0         0      
    +--+------------------------------+------+---------+---------+
       Total:                         2220   2497      957    
                                                              
    /Applications/ti/ccs1000/ccs/tools/compiler/ti-cgt-arm_20.2.1.LTS/lib/rtsv7M4_T_le_v4SPD16_eabi.lib
       memcpy_t2.asm.obj              156    0         0      
       copy_decompress_lzss.c.obj     104    0         0      
       autoinit.c.obj                 68     0         0      
       boot_cortex_m.c.obj            52     0         0      
       copy_zero_init.c.obj           28     0         0      
       copy_decompress_none.c.obj     14     0         0      
       exit.c.obj                     4      0         0      
       pre_init.c.obj                 4      0         0      
    +--+------------------------------+------+---------+---------+
       Total:                         430    0         0      
                                                              
       Stack:                         0      0         512    
       Linker Generated:              0      41        0      
    +--+------------------------------+------+---------+---------+
       Grand Total:                   2650   2538      1469   


LINKER GENERATED COPY TABLES

__TI_cinit_table @ 00001440 records: 2, size/record: 8, table size: 16
	.bss: load addr=00001430, load size=00000008 bytes, run addr=20000000, run size=000003bc bytes, compression=zero_init
	.data: load addr=00001438, load size=00000005 bytes, run addr=200003bc, run size=00000001 bytes, compression=lzss


LINKER GENERATED HANDLER TABLE

__TI_handler_table @ 00001420 records: 3, size/record: 4, table size: 12
	index: 0, handler: __TI_decompress_lzss
	index: 1, handler: __TI_decompress_none
	index: 2, handler: __TI_zero_init


GLOBAL SYMBOLS: SORTED ALPHABETICALLY BY Name 

address   name                          
-------   ----                          
2000039c  ADC                           
UNDEFED   ADC0Seq0_Handler              
UNDEFED   ADC0Seq1_Handler              
UNDEFED   ADC0Seq2_Handler              
UNDEFED   ADC0Seq3_Handler              
00000839  ADC0_InSeq2                   
000007d7  ADC0_PortE_Init               
UNDEFED   ADC1Seq0_Handler              
UNDEFED   ADC1Seq1_Handler              
UNDEFED   ADC1Seq2_Handler              
UNDEFED   ADC1Seq3_Handler              
000007bd  ADC_var_Init                  
00001413  BitMask                       
00001360  Bunker0                       
00000cc3  C$$EXIT                       
UNDEFED   CAN0_Handler                  
UNDEFED   CAN1_Handler                  
UNDEFED   CAN2_Handler                  
UNDEFED   Comp0_Handler                 
UNDEFED   Comp1_Handler                 
UNDEFED   Comp2_Handler                 
UNDEFED   DebugMon_Handler              
000008b1  EnableInterrupts              
UNDEFED   Ethernet_Handler              
UNDEFED   ExtBus_Handler                
UNDEFED   FPU_Handler                   
UNDEFED   Fan0_Handler                  
UNDEFED   FlashCtl_Handler              
UNDEFED   GPIOPortA_Handler             
UNDEFED   GPIOPortB_Handler             
UNDEFED   GPIOPortC_Handler             
UNDEFED   GPIOPortD_Handler             
UNDEFED   GPIOPortE_Handler             
UNDEFED   GPIOPortF_Handler             
UNDEFED   GPIOPortG_Handler             
UNDEFED   GPIOPortH_Handler             
UNDEFED   GPIOPortJ_Handler             
UNDEFED   GPIOPortK_Handler             
UNDEFED   GPIOPortL_Handler             
UNDEFED   GPIOPortM_Handler             
UNDEFED   GPIOPortN_Handler             
UNDEFED   GPIOPortP1_Handler            
UNDEFED   GPIOPortP2_Handler            
UNDEFED   GPIOPortP3_Handler            
UNDEFED   GPIOPortP4_Handler            
UNDEFED   GPIOPortP5_Handler            
UNDEFED   GPIOPortP6_Handler            
UNDEFED   GPIOPortP7_Handler            
UNDEFED   GPIOPortP_Handler             
UNDEFED   GPIOPortQ1_Handler            
UNDEFED   GPIOPortQ2_Handler            
UNDEFED   GPIOPortQ3_Handler            
UNDEFED   GPIOPortQ4_Handler            
UNDEFED   GPIOPortQ5_Handler            
UNDEFED   GPIOPortQ6_Handler            
UNDEFED   GPIOPortQ7_Handler            
UNDEFED   GPIOPortQ_Handler             
UNDEFED   GPIOPortR_Handler             
UNDEFED   GPIOPortS_Handler             
UNDEFED   Hibernate_Handler             
UNDEFED   I2C0_Handler                  
UNDEFED   I2C1_Handler                  
UNDEFED   I2C2_Handler                  
UNDEFED   I2C3_Handler                  
UNDEFED   I2C4_Handler                  
UNDEFED   I2C5_Handler                  
UNDEFED   I2S0_Handler                  
00000477  LCD_PlotClear                 
0000056d  LCD_PlotNext                  
000004e1  LCD_PlotPoint                 
000005ad  LCD_ShowPlot                  
00000b65  LCD_WriteCommand              
00000b97  LCD_WriteData                 
UNDEFED   LPC0_Handler                  
00000419  Nokia5110_Clear               
00000781  Nokia5110_ClearBuffer         
000007ab  Nokia5110_DisplayBuffer       
00000445  Nokia5110_DrawFullImage       
0000026d  Nokia5110_Init                
0000037b  Nokia5110_OutChar             
000003bb  Nokia5110_OutString           
000005f9  Nokia5110_PrintBMP            
000003dd  Nokia5110_SetCursor           
UNDEFED   PECI0_Handler                 
UNDEFED   PWM0Fault_Handler             
UNDEFED   PWM0Generator0_Handler        
UNDEFED   PWM0Generator1_Handler        
UNDEFED   PWM0Generator2_Handler        
UNDEFED   PWM0Generator3_Handler        
UNDEFED   PWM1Fault_Handler             
UNDEFED   PWM1Generator0_Handler        
UNDEFED   PWM1Generator1_Handler        
UNDEFED   PWM1Generator2_Handler        
UNDEFED   PWM1Generator3_Handler        
UNDEFED   PendSV_Handler                
00000ea6  PlayerShip0                   
200001f8  PlotImage                     
00000afd  PortE_Init                    
UNDEFED   Quadrature0_Handler           
UNDEFED   Quadrature1_Handler           
UNDEFED   Quadrature2_Handler           
00000cb3  ResetISR                      
UNDEFED   SSI0_Handler                  
UNDEFED   SSI1_Handler                  
UNDEFED   SSI2_Handler                  
UNDEFED   SSI3_Handler                  
UNDEFED   SVC_Handler                   
00000a21  SYSCLK_80MHz                  
20000000  Screen                        
00000f7d  SmallEnemy10PointA            
00001044  SmallEnemy20PointA            
0000110b  SmallEnemy20PointB            
000011d2  SmallEnemy30PointA            
00001299  SmallEnemy30PointB            
UNDEFED   SysCtl_Handler                
200003bc  SysTick_Flag                  
0000094d  SysTick_Handler               
00000c11  SysTick_Init                  
UNDEFED   Timer0A_Handler               
UNDEFED   Timer0B_Handler               
UNDEFED   Timer1A_Handler               
UNDEFED   Timer1B_Handler               
UNDEFED   Timer2A_Handler               
UNDEFED   Timer2B_Handler               
UNDEFED   Timer3A_Handler               
UNDEFED   Timer3B_Handler               
UNDEFED   Timer4A_Handler               
UNDEFED   Timer4B_Handler               
UNDEFED   Timer5A_Handler               
UNDEFED   Timer5B_Handler               
UNDEFED   UART0_Handler                 
UNDEFED   UART1_Handler                 
UNDEFED   UART2_Handler                 
UNDEFED   UART3_Handler                 
UNDEFED   UART4_Handler                 
UNDEFED   UART5_Handler                 
UNDEFED   UART6_Handler                 
UNDEFED   UART7_Handler                 
UNDEFED   USB0_Handler                  
UNDEFED   WDT_Handler                   
UNDEFED   WideTimer0A_Handler           
UNDEFED   WideTimer0B_Handler           
UNDEFED   WideTimer1A_Handler           
UNDEFED   WideTimer1B_Handler           
UNDEFED   WideTimer2A_Handler           
UNDEFED   WideTimer2B_Handler           
UNDEFED   WideTimer3A_Handler           
UNDEFED   WideTimer3B_Handler           
UNDEFED   WideTimer4A_Handler           
UNDEFED   WideTimer4B_Handler           
UNDEFED   WideTimer5A_Handler           
UNDEFED   WideTimer5B_Handler           
200003ac  X                             
200003b0  Ymax                          
200003b4  Ymin                          
200003b8  Yrange                        
200005c0  __STACK_END                   
00000200  __STACK_SIZE                  
200005c0  __STACK_TOP                   
00001440  __TI_CINIT_Base               
00001450  __TI_CINIT_Limit              
00001420  __TI_Handler_Table_Base       
0000142c  __TI_Handler_Table_Limit      
00000bcd  __TI_auto_init_nobinit_nopinit
00000a95  __TI_decompress_lzss          
00000ca5  __TI_decompress_none          
ffffffff  __TI_pprof_out_hndl           
ffffffff  __TI_prof_data_size           
ffffffff  __TI_prof_data_start          
00000000  __TI_static_base__            
00000c89  __TI_zero_init_nomemset       
00000985  __aeabi_memcpy                
00000985  __aeabi_memcpy4               
00000985  __aeabi_memcpy8               
ffffffff  __binit__                     
ffffffff  __c_args__                    
UNDEFED   __mpu_init                    
200003c0  __stack                       
20000000  __start___llvm_prf_cnts       
20000000  __stop___llvm_prf_cnts        
00000c55  _c_int00_noargs               
UNDEFED   _system_post_cinit            
00000cbf  _system_pre_init              
00000cc3  abort                         
ffffffff  binit                         
00000000  g_pfnVectors                  
000008b5  main                          
00000985  memcpy                        
UNDEFED   uDMA_Error                    
UNDEFED   uDMA_Handler                  


GLOBAL SYMBOLS: SORTED BY Symbol Address 

address   name                          
-------   ----                          
00000000  __TI_static_base__            
00000000  g_pfnVectors                  
00000200  __STACK_SIZE                  
0000026d  Nokia5110_Init                
0000037b  Nokia5110_OutChar             
000003bb  Nokia5110_OutString           
000003dd  Nokia5110_SetCursor           
00000419  Nokia5110_Clear               
00000445  Nokia5110_DrawFullImage       
00000477  LCD_PlotClear                 
000004e1  LCD_PlotPoint                 
0000056d  LCD_PlotNext                  
000005ad  LCD_ShowPlot                  
000005f9  Nokia5110_PrintBMP            
00000781  Nokia5110_ClearBuffer         
000007ab  Nokia5110_DisplayBuffer       
000007bd  ADC_var_Init                  
000007d7  ADC0_PortE_Init               
00000839  ADC0_InSeq2                   
000008b1  EnableInterrupts              
000008b5  main                          
0000094d  SysTick_Handler               
00000985  __aeabi_memcpy                
00000985  __aeabi_memcpy4               
00000985  __aeabi_memcpy8               
00000985  memcpy                        
00000a21  SYSCLK_80MHz                  
00000a95  __TI_decompress_lzss          
00000afd  PortE_Init                    
00000b65  LCD_WriteCommand              
00000b97  LCD_WriteData                 
00000bcd  __TI_auto_init_nobinit_nopinit
00000c11  SysTick_Init                  
00000c55  _c_int00_noargs               
00000c89  __TI_zero_init_nomemset       
00000ca5  __TI_decompress_none          
00000cb3  ResetISR                      
00000cbf  _system_pre_init              
00000cc3  C$$EXIT                       
00000cc3  abort                         
00000ea6  PlayerShip0                   
00000f7d  SmallEnemy10PointA            
00001044  SmallEnemy20PointA            
0000110b  SmallEnemy20PointB            
000011d2  SmallEnemy30PointA            
00001299  SmallEnemy30PointB            
00001360  Bunker0                       
00001413  BitMask                       
00001420  __TI_Handler_Table_Base       
0000142c  __TI_Handler_Table_Limit      
00001440  __TI_CINIT_Base               
00001450  __TI_CINIT_Limit              
20000000  Screen                        
20000000  __start___llvm_prf_cnts       
20000000  __stop___llvm_prf_cnts        
200001f8  PlotImage                     
2000039c  ADC                           
200003ac  X                             
200003b0  Ymax                          
200003b4  Ymin                          
200003b8  Yrange                        
200003bc  SysTick_Flag                  
200003c0  __stack                       
200005c0  __STACK_END                   
200005c0  __STACK_TOP                   
ffffffff  __TI_pprof_out_hndl           
ffffffff  __TI_prof_data_size           
ffffffff  __TI_prof_data_start          
ffffffff  __binit__                     
ffffffff  __c_args__                    
ffffffff  binit                         
UNDEFED   ADC0Seq0_Handler              
UNDEFED   ADC0Seq1_Handler              
UNDEFED   ADC0Seq2_Handler              
UNDEFED   ADC0Seq3_Handler              
UNDEFED   ADC1Seq0_Handler              
UNDEFED   ADC1Seq1_Handler              
UNDEFED   ADC1Seq2_Handler              
UNDEFED   ADC1Seq3_Handler              
UNDEFED   CAN0_Handler                  
UNDEFED   CAN1_Handler                  
UNDEFED   CAN2_Handler                  
UNDEFED   Comp0_Handler                 
UNDEFED   Comp1_Handler                 
UNDEFED   Comp2_Handler                 
UNDEFED   DebugMon_Handler              
UNDEFED   Ethernet_Handler              
UNDEFED   ExtBus_Handler                
UNDEFED   FPU_Handler                   
UNDEFED   Fan0_Handler                  
UNDEFED   FlashCtl_Handler              
UNDEFED   GPIOPortA_Handler             
UNDEFED   GPIOPortB_Handler             
UNDEFED   GPIOPortC_Handler             
UNDEFED   GPIOPortD_Handler             
UNDEFED   GPIOPortE_Handler             
UNDEFED   GPIOPortF_Handler             
UNDEFED   GPIOPortG_Handler             
UNDEFED   GPIOPortH_Handler             
UNDEFED   GPIOPortJ_Handler             
UNDEFED   GPIOPortK_Handler             
UNDEFED   GPIOPortL_Handler             
UNDEFED   GPIOPortM_Handler             
UNDEFED   GPIOPortN_Handler             
UNDEFED   GPIOPortP1_Handler            
UNDEFED   GPIOPortP2_Handler            
UNDEFED   GPIOPortP3_Handler            
UNDEFED   GPIOPortP4_Handler            
UNDEFED   GPIOPortP5_Handler            
UNDEFED   GPIOPortP6_Handler            
UNDEFED   GPIOPortP7_Handler            
UNDEFED   GPIOPortP_Handler             
UNDEFED   GPIOPortQ1_Handler            
UNDEFED   GPIOPortQ2_Handler            
UNDEFED   GPIOPortQ3_Handler            
UNDEFED   GPIOPortQ4_Handler            
UNDEFED   GPIOPortQ5_Handler            
UNDEFED   GPIOPortQ6_Handler            
UNDEFED   GPIOPortQ7_Handler            
UNDEFED   GPIOPortQ_Handler             
UNDEFED   GPIOPortR_Handler             
UNDEFED   GPIOPortS_Handler             
UNDEFED   Hibernate_Handler             
UNDEFED   I2C0_Handler                  
UNDEFED   I2C1_Handler                  
UNDEFED   I2C2_Handler                  
UNDEFED   I2C3_Handler                  
UNDEFED   I2C4_Handler                  
UNDEFED   I2C5_Handler                  
UNDEFED   I2S0_Handler                  
UNDEFED   LPC0_Handler                  
UNDEFED   PECI0_Handler                 
UNDEFED   PWM0Fault_Handler             
UNDEFED   PWM0Generator0_Handler        
UNDEFED   PWM0Generator1_Handler        
UNDEFED   PWM0Generator2_Handler        
UNDEFED   PWM0Generator3_Handler        
UNDEFED   PWM1Fault_Handler             
UNDEFED   PWM1Generator0_Handler        
UNDEFED   PWM1Generator1_Handler        
UNDEFED   PWM1Generator2_Handler        
UNDEFED   PWM1Generator3_Handler        
UNDEFED   PendSV_Handler                
UNDEFED   Quadrature0_Handler           
UNDEFED   Quadrature1_Handler           
UNDEFED   Quadrature2_Handler           
UNDEFED   SSI0_Handler                  
UNDEFED   SSI1_Handler                  
UNDEFED   SSI2_Handler                  
UNDEFED   SSI3_Handler                  
UNDEFED   SVC_Handler                   
UNDEFED   SysCtl_Handler                
UNDEFED   Timer0A_Handler               
UNDEFED   Timer0B_Handler               
UNDEFED   Timer1A_Handler               
UNDEFED   Timer1B_Handler               
UNDEFED   Timer2A_Handler               
UNDEFED   Timer2B_Handler               
UNDEFED   Timer3A_Handler               
UNDEFED   Timer3B_Handler               
UNDEFED   Timer4A_Handler               
UNDEFED   Timer4B_Handler               
UNDEFED   Timer5A_Handler               
UNDEFED   Timer5B_Handler               
UNDEFED   UART0_Handler                 
UNDEFED   UART1_Handler                 
UNDEFED   UART2_Handler                 
UNDEFED   UART3_Handler                 
UNDEFED   UART4_Handler                 
UNDEFED   UART5_Handler                 
UNDEFED   UART6_Handler                 
UNDEFED   UART7_Handler                 
UNDEFED   USB0_Handler                  
UNDEFED   WDT_Handler                   
UNDEFED   WideTimer0A_Handler           
UNDEFED   WideTimer0B_Handler           
UNDEFED   WideTimer1A_Handler           
UNDEFED   WideTimer1B_Handler           
UNDEFED   WideTimer2A_Handler           
UNDEFED   WideTimer2B_Handler           
UNDEFED   WideTimer3A_Handler           
UNDEFED   WideTimer3B_Handler           
UNDEFED   WideTimer4A_Handler           
UNDEFED   WideTimer4B_Handler           
UNDEFED   WideTimer5A_Handler           
UNDEFED   WideTimer5B_Handler           
UNDEFED   __mpu_init                    
UNDEFED   _system_post_cinit            
UNDEFED   uDMA_Error                    
UNDEFED   uDMA_Handler                  

[190 symbols]
