<?xml version="1.0" encoding="ISO-8859-1" ?>
<link_info>
   <banner>TI ARM Linker Unix v20.2.1.LTS</banner>
   <copyright>Copyright (c) 1996-2018 Texas Instruments Incorporated</copyright>
   <link_time>0x5fb4f813</link_time>
   <link_errors>0x0</link_errors>
   <output_file>EmL_Session02_fin_project.out</output_file>
   <entry_point>
      <name>_c_int00_noargs</name>
      <address>0x62d</address>
   </entry_point>
   <input_file_list>
      <input_file id="fl-1">
         <path>./</path>
         <kind>object</kind>
         <file>adc.obj</file>
         <name>adc.obj</name>
      </input_file>
      <input_file id="fl-2">
         <path>./</path>
         <kind>object</kind>
         <file>gpio.obj</file>
         <name>gpio.obj</name>
      </input_file>
      <input_file id="fl-3">
         <path>./</path>
         <kind>object</kind>
         <file>main.obj</file>
         <name>main.obj</name>
      </input_file>
      <input_file id="fl-4">
         <path>./</path>
         <kind>object</kind>
         <file>sysclk.obj</file>
         <name>sysclk.obj</name>
      </input_file>
      <input_file id="fl-5">
         <path>./</path>
         <kind>object</kind>
         <file>systick.obj</file>
         <name>systick.obj</name>
      </input_file>
      <input_file id="fl-6">
         <path>./</path>
         <kind>object</kind>
         <file>tm4c123gh6pm_startup_ccs.obj</file>
         <name>tm4c123gh6pm_startup_ccs.obj</name>
      </input_file>
      <input_file id="fl-b">
         <kind>object</kind>
         <file>&lt;internal&gt;</file>
         <name>&lt;internal&gt;</name>
      </input_file>
      <input_file id="fl-c1">
         <path>/Applications/ti/ccs1000/ccs/tools/compiler/ti-cgt-arm_20.2.1.LTS/lib/</path>
         <kind>archive</kind>
         <file>rtsv7M4_T_le_v4SPD16_eabi.lib</file>
         <name>copy_zero_init.c.obj</name>
      </input_file>
      <input_file id="fl-c2">
         <path>/Applications/ti/ccs1000/ccs/tools/compiler/ti-cgt-arm_20.2.1.LTS/lib/</path>
         <kind>archive</kind>
         <file>rtsv7M4_T_le_v4SPD16_eabi.lib</file>
         <name>copy_decompress_none.c.obj</name>
      </input_file>
      <input_file id="fl-c3">
         <path>/Applications/ti/ccs1000/ccs/tools/compiler/ti-cgt-arm_20.2.1.LTS/lib/</path>
         <kind>archive</kind>
         <file>rtsv7M4_T_le_v4SPD16_eabi.lib</file>
         <name>copy_decompress_lzss.c.obj</name>
      </input_file>
      <input_file id="fl-c4">
         <path>/Applications/ti/ccs1000/ccs/tools/compiler/ti-cgt-arm_20.2.1.LTS/lib/</path>
         <kind>archive</kind>
         <file>rtsv7M4_T_le_v4SPD16_eabi.lib</file>
         <name>boot_cortex_m.c.obj</name>
      </input_file>
      <input_file id="fl-c5">
         <path>/Applications/ti/ccs1000/ccs/tools/compiler/ti-cgt-arm_20.2.1.LTS/lib/</path>
         <kind>archive</kind>
         <file>rtsv7M4_T_le_v4SPD16_eabi.lib</file>
         <name>memset_t2.asm.obj</name>
      </input_file>
      <input_file id="fl-c6">
         <path>/Applications/ti/ccs1000/ccs/tools/compiler/ti-cgt-arm_20.2.1.LTS/lib/</path>
         <kind>archive</kind>
         <file>rtsv7M4_T_le_v4SPD16_eabi.lib</file>
         <name>memcpy_t2.asm.obj</name>
      </input_file>
      <input_file id="fl-c7">
         <path>/Applications/ti/ccs1000/ccs/tools/compiler/ti-cgt-arm_20.2.1.LTS/lib/</path>
         <kind>archive</kind>
         <file>rtsv7M4_T_le_v4SPD16_eabi.lib</file>
         <name>autoinit.c.obj</name>
      </input_file>
      <input_file id="fl-c8">
         <path>/Applications/ti/ccs1000/ccs/tools/compiler/ti-cgt-arm_20.2.1.LTS/lib/</path>
         <kind>archive</kind>
         <file>rtsv7M4_T_le_v4SPD16_eabi.lib</file>
         <name>pre_init.c.obj</name>
      </input_file>
      <input_file id="fl-c9">
         <path>/Applications/ti/ccs1000/ccs/tools/compiler/ti-cgt-arm_20.2.1.LTS/lib/</path>
         <kind>archive</kind>
         <file>rtsv7M4_T_le_v4SPD16_eabi.lib</file>
         <name>cpy_tbl.c.obj</name>
      </input_file>
      <input_file id="fl-ca">
         <path>/Applications/ti/ccs1000/ccs/tools/compiler/ti-cgt-arm_20.2.1.LTS/lib/</path>
         <kind>archive</kind>
         <file>rtsv7M4_T_le_v4SPD16_eabi.lib</file>
         <name>exit.c.obj</name>
      </input_file>
      <input_file id="fl-cb">
         <path>/Applications/ti/ccs1000/ccs/tools/compiler/ti-cgt-arm_20.2.1.LTS/lib/</path>
         <kind>archive</kind>
         <file>rtsv7M4_T_le_v4SPD16_eabi.lib</file>
         <name>_lock.c.obj</name>
      </input_file>
      <input_file id="fl-cc">
         <path>/Applications/ti/ccs1000/ccs/tools/compiler/ti-cgt-arm_20.2.1.LTS/lib/</path>
         <kind>archive</kind>
         <file>rtsv7M4_T_le_v4SPD16_eabi.lib</file>
         <name>args_main.c.obj</name>
      </input_file>
   </input_file_list>
   <object_component_list>
      <object_component id="oc-12">
         <name>.intvecs</name>
         <load_address>0x0</load_address>
         <run_address>0x0</run_address>
         <size>0x26c</size>
         <input_file_ref idref="fl-6"/>
      </object_component>
      <object_component id="oc-86">
         <name>.text</name>
         <load_address>0x26c</load_address>
         <run_address>0x26c</run_address>
         <size>0xd8</size>
         <input_file_ref idref="fl-1"/>
      </object_component>
      <object_component id="oc-41">
         <name>.text</name>
         <load_address>0x344</load_address>
         <run_address>0x344</run_address>
         <size>0x9c</size>
         <input_file_ref idref="fl-c6"/>
      </object_component>
      <object_component id="oc-2d">
         <name>.text</name>
         <load_address>0x3e0</load_address>
         <run_address>0x3e0</run_address>
         <size>0x80</size>
         <input_file_ref idref="fl-3"/>
      </object_component>
      <object_component id="oc-74">
         <name>.text</name>
         <load_address>0x460</load_address>
         <run_address>0x460</run_address>
         <size>0x74</size>
         <input_file_ref idref="fl-4"/>
      </object_component>
      <object_component id="oc-15">
         <name>.text:decompress:lzss:__TI_decompress_lzss</name>
         <load_address>0x4d4</load_address>
         <run_address>0x4d4</run_address>
         <size>0x68</size>
         <input_file_ref idref="fl-c3"/>
      </object_component>
      <object_component id="oc-80">
         <name>.text</name>
         <load_address>0x53c</load_address>
         <run_address>0x53c</run_address>
         <size>0x68</size>
         <input_file_ref idref="fl-2"/>
      </object_component>
      <object_component id="oc-103">
         <name>.text:__TI_auto_init_nobinit_nopinit:__TI_auto_init_nobinit_nopinit</name>
         <load_address>0x5a4</load_address>
         <run_address>0x5a4</run_address>
         <size>0x44</size>
         <input_file_ref idref="fl-c7"/>
      </object_component>
      <object_component id="oc-7a">
         <name>.text</name>
         <load_address>0x5e8</load_address>
         <run_address>0x5e8</run_address>
         <size>0x44</size>
         <input_file_ref idref="fl-5"/>
      </object_component>
      <object_component id="oc-5f">
         <name>.text:_c_int00_noargs:_c_int00_noargs</name>
         <load_address>0x62c</load_address>
         <run_address>0x62c</run_address>
         <size>0x34</size>
         <input_file_ref idref="fl-c4"/>
      </object_component>
      <object_component id="oc-4d">
         <name>.text:decompress:ZI:__TI_zero_init_nomemset:__TI_zero_init_nomemset</name>
         <load_address>0x660</load_address>
         <run_address>0x660</run_address>
         <size>0x1c</size>
         <input_file_ref idref="fl-c1"/>
      </object_component>
      <object_component id="oc-1b">
         <name>.text:decompress:none:__TI_decompress_none</name>
         <load_address>0x67c</load_address>
         <run_address>0x67c</run_address>
         <size>0xe</size>
         <input_file_ref idref="fl-c2"/>
      </object_component>
      <object_component id="oc-27">
         <name>.text</name>
         <load_address>0x68a</load_address>
         <run_address>0x68a</run_address>
         <size>0xc</size>
         <input_file_ref idref="fl-6"/>
      </object_component>
      <object_component id="oc-bf">
         <name>.text:_system_pre_init</name>
         <load_address>0x696</load_address>
         <run_address>0x696</run_address>
         <size>0x4</size>
         <input_file_ref idref="fl-c8"/>
      </object_component>
      <object_component id="oc-f7">
         <name>.text:abort:abort</name>
         <load_address>0x69a</load_address>
         <run_address>0x69a</run_address>
         <size>0x4</size>
         <input_file_ref idref="fl-ca"/>
      </object_component>
      <object_component id="oc-1ae">
         <name>__TI_handler_table</name>
         <load_address>0x6a0</load_address>
         <run_address>0x6a0</run_address>
         <size>0xc</size>
      </object_component>
      <object_component id="oc-1b1">
         <name>.cinit..bss.load</name>
         <load_address>0x6b0</load_address>
         <run_address>0x6b0</run_address>
         <size>0x8</size>
      </object_component>
      <object_component id="oc-1b0">
         <name>.cinit..data.load</name>
         <load_address>0x6b8</load_address>
         <run_address>0x6b8</run_address>
         <size>0x7</size>
      </object_component>
      <object_component id="oc-1af">
         <name>__TI_cinit_table</name>
         <load_address>0x6c0</load_address>
         <run_address>0x6c0</run_address>
         <size>0x10</size>
      </object_component>
      <object_component id="oc-8c">
         <name>.data</name>
         <load_address>0x20000208</load_address>
         <run_address>0x20000208</run_address>
         <size>0x1</size>
         <input_file_ref idref="fl-3"/>
      </object_component>
      <object_component id="oc-8f">
         <name>.data:ADC_xy_Data</name>
         <load_address>0x20000200</load_address>
         <run_address>0x20000200</run_address>
         <size>0x8</size>
         <input_file_ref idref="fl-3"/>
      </object_component>
      <object_component id="oc-92">
         <name>.common:ADC</name>
         <uninitialized>true</uninitialized>
         <run_address>0x2000020c</run_address>
         <size>0x8</size>
      </object_component>
      <object_component id="oc-24">
         <name>.stack</name>
         <uninitialized>true</uninitialized>
         <run_address>0x20000000</run_address>
         <size>0x4</size>
         <input_file_ref idref="fl-c4"/>
      </object_component>
      <object_component id="oc-1b3">
         <name>.stack</name>
         <uninitialized>true</uninitialized>
         <run_address>0x20000000</run_address>
         <size>0x0</size>
      </object_component>
      <object_component id="oc-93">
         <name>.debug_info</name>
         <load_address>0x0</load_address>
         <run_address>0x0</run_address>
         <size>0x2bf</size>
         <input_file_ref idref="fl-1"/>
      </object_component>
      <object_component id="oc-87">
         <name>.debug_info</name>
         <load_address>0x2bf</load_address>
         <run_address>0x2bf</run_address>
         <size>0x1fb</size>
         <input_file_ref idref="fl-1"/>
      </object_component>
      <object_component id="oc-db">
         <name>.debug_info</name>
         <load_address>0x4ba</load_address>
         <run_address>0x4ba</run_address>
         <size>0x5e</size>
         <input_file_ref idref="fl-1"/>
      </object_component>
      <object_component id="oc-9a">
         <name>.debug_info</name>
         <load_address>0x518</load_address>
         <run_address>0x518</run_address>
         <size>0x26b</size>
         <input_file_ref idref="fl-1"/>
      </object_component>
      <object_component id="oc-3c">
         <name>.debug_info</name>
         <load_address>0x783</load_address>
         <run_address>0x783</run_address>
         <size>0x84</size>
         <input_file_ref idref="fl-1"/>
      </object_component>
      <object_component id="oc-e2">
         <name>.debug_info</name>
         <load_address>0x807</load_address>
         <run_address>0x807</run_address>
         <size>0x2a4</size>
         <input_file_ref idref="fl-1"/>
      </object_component>
      <object_component id="oc-9f">
         <name>.debug_info</name>
         <load_address>0xaab</load_address>
         <run_address>0xaab</run_address>
         <size>0xbb</size>
         <input_file_ref idref="fl-1"/>
      </object_component>
      <object_component id="oc-81">
         <name>.debug_info</name>
         <load_address>0xb66</load_address>
         <run_address>0xb66</run_address>
         <size>0x141</size>
         <input_file_ref idref="fl-2"/>
      </object_component>
      <object_component id="oc-95">
         <name>.debug_info</name>
         <load_address>0xca7</load_address>
         <run_address>0xca7</run_address>
         <size>0x3a2</size>
         <input_file_ref idref="fl-3"/>
      </object_component>
      <object_component id="oc-8d">
         <name>.debug_info</name>
         <load_address>0x1049</load_address>
         <run_address>0x1049</run_address>
         <size>0x11b</size>
         <input_file_ref idref="fl-3"/>
      </object_component>
      <object_component id="oc-90">
         <name>.debug_info</name>
         <load_address>0x1164</load_address>
         <run_address>0x1164</run_address>
         <size>0x119</size>
         <input_file_ref idref="fl-3"/>
      </object_component>
      <object_component id="oc-2e">
         <name>.debug_info</name>
         <load_address>0x127d</load_address>
         <run_address>0x127d</run_address>
         <size>0x260</size>
         <input_file_ref idref="fl-3"/>
      </object_component>
      <object_component id="oc-75">
         <name>.debug_info</name>
         <load_address>0x14dd</load_address>
         <run_address>0x14dd</run_address>
         <size>0x14b</size>
         <input_file_ref idref="fl-4"/>
      </object_component>
      <object_component id="oc-7b">
         <name>.debug_info</name>
         <load_address>0x1628</load_address>
         <run_address>0x1628</run_address>
         <size>0x179</size>
         <input_file_ref idref="fl-5"/>
      </object_component>
      <object_component id="oc-35">
         <name>.debug_info</name>
         <load_address>0x17a1</load_address>
         <run_address>0x17a1</run_address>
         <size>0x1552</size>
         <input_file_ref idref="fl-6"/>
      </object_component>
      <object_component id="oc-13">
         <name>.debug_info</name>
         <load_address>0x2cf3</load_address>
         <run_address>0x2cf3</run_address>
         <size>0x12f</size>
         <input_file_ref idref="fl-6"/>
      </object_component>
      <object_component id="oc-28">
         <name>.debug_info</name>
         <load_address>0x2e22</load_address>
         <run_address>0x2e22</run_address>
         <size>0x2ae</size>
         <input_file_ref idref="fl-6"/>
      </object_component>
      <object_component id="oc-b8">
         <name>.debug_info</name>
         <load_address>0x30d0</load_address>
         <run_address>0x30d0</run_address>
         <size>0x2d4</size>
         <input_file_ref idref="fl-c1"/>
      </object_component>
      <object_component id="oc-4e">
         <name>.debug_info</name>
         <load_address>0x33a4</load_address>
         <run_address>0x33a4</run_address>
         <size>0x1d2</size>
         <input_file_ref idref="fl-c1"/>
      </object_component>
      <object_component id="oc-b3">
         <name>.debug_info</name>
         <load_address>0x3576</load_address>
         <run_address>0x3576</run_address>
         <size>0x46</size>
         <input_file_ref idref="fl-c1"/>
      </object_component>
      <object_component id="oc-ee">
         <name>.debug_info</name>
         <load_address>0x35bc</load_address>
         <run_address>0x35bc</run_address>
         <size>0x2c</size>
         <input_file_ref idref="fl-c1"/>
      </object_component>
      <object_component id="oc-4c">
         <name>.debug_info</name>
         <load_address>0x35e8</load_address>
         <run_address>0x35e8</run_address>
         <size>0x2a8</size>
         <input_file_ref idref="fl-c2"/>
      </object_component>
      <object_component id="oc-1c">
         <name>.debug_info</name>
         <load_address>0x3890</load_address>
         <run_address>0x3890</run_address>
         <size>0x1ea</size>
         <input_file_ref idref="fl-c2"/>
      </object_component>
      <object_component id="oc-47">
         <name>.debug_info</name>
         <load_address>0x3a7a</load_address>
         <run_address>0x3a7a</run_address>
         <size>0x46</size>
         <input_file_ref idref="fl-c2"/>
      </object_component>
      <object_component id="oc-ab">
         <name>.debug_info</name>
         <load_address>0x3ac0</load_address>
         <run_address>0x3ac0</run_address>
         <size>0x2c</size>
         <input_file_ref idref="fl-c2"/>
      </object_component>
      <object_component id="oc-a9">
         <name>.debug_info</name>
         <load_address>0x3aec</load_address>
         <run_address>0x3aec</run_address>
         <size>0x29e</size>
         <input_file_ref idref="fl-c3"/>
      </object_component>
      <object_component id="oc-16">
         <name>.debug_info</name>
         <load_address>0x3d8a</load_address>
         <run_address>0x3d8a</run_address>
         <size>0x250</size>
         <input_file_ref idref="fl-c3"/>
      </object_component>
      <object_component id="oc-37">
         <name>.debug_info</name>
         <load_address>0x3fda</load_address>
         <run_address>0x3fda</run_address>
         <size>0x60</size>
         <input_file_ref idref="fl-c3"/>
      </object_component>
      <object_component id="oc-e7">
         <name>.debug_info</name>
         <load_address>0x403a</load_address>
         <run_address>0x403a</run_address>
         <size>0x46</size>
         <input_file_ref idref="fl-c3"/>
      </object_component>
      <object_component id="oc-a4">
         <name>.debug_info</name>
         <load_address>0x4080</load_address>
         <run_address>0x4080</run_address>
         <size>0x39</size>
         <input_file_ref idref="fl-c3"/>
      </object_component>
      <object_component id="oc-25">
         <name>.debug_info</name>
         <load_address>0x40b9</load_address>
         <run_address>0x40b9</run_address>
         <size>0x10b</size>
         <input_file_ref idref="fl-c4"/>
      </object_component>
      <object_component id="oc-60">
         <name>.debug_info</name>
         <load_address>0x41c4</load_address>
         <run_address>0x41c4</run_address>
         <size>0x1a9</size>
         <input_file_ref idref="fl-c4"/>
      </object_component>
      <object_component id="oc-42">
         <name>.debug_info</name>
         <load_address>0x436d</load_address>
         <run_address>0x436d</run_address>
         <size>0x119</size>
         <input_file_ref idref="fl-c6"/>
      </object_component>
      <object_component id="oc-140">
         <name>.debug_info</name>
         <load_address>0x4486</load_address>
         <run_address>0x4486</run_address>
         <size>0x4b3</size>
         <input_file_ref idref="fl-c7"/>
      </object_component>
      <object_component id="oc-104">
         <name>.debug_info</name>
         <load_address>0x4939</load_address>
         <run_address>0x4939</run_address>
         <size>0x1a6</size>
         <input_file_ref idref="fl-c7"/>
      </object_component>
      <object_component id="oc-165">
         <name>.debug_info</name>
         <load_address>0x4adf</load_address>
         <run_address>0x4adf</run_address>
         <size>0x39</size>
         <input_file_ref idref="fl-c7"/>
      </object_component>
      <object_component id="oc-179">
         <name>.debug_info</name>
         <load_address>0x4b18</load_address>
         <run_address>0x4b18</run_address>
         <size>0x39</size>
         <input_file_ref idref="fl-c7"/>
      </object_component>
      <object_component id="oc-16a">
         <name>.debug_info</name>
         <load_address>0x4b51</load_address>
         <run_address>0x4b51</run_address>
         <size>0x39</size>
         <input_file_ref idref="fl-c7"/>
      </object_component>
      <object_component id="oc-16f">
         <name>.debug_info</name>
         <load_address>0x4b8a</load_address>
         <run_address>0x4b8a</run_address>
         <size>0xcd</size>
         <input_file_ref idref="fl-c7"/>
      </object_component>
      <object_component id="oc-c0">
         <name>.debug_info</name>
         <load_address>0x4c57</load_address>
         <run_address>0x4c57</run_address>
         <size>0x153</size>
         <input_file_ref idref="fl-c8"/>
      </object_component>
      <object_component id="oc-f8">
         <name>.debug_info</name>
         <load_address>0x4daa</load_address>
         <run_address>0x4daa</run_address>
         <size>0x122</size>
         <input_file_ref idref="fl-ca"/>
      </object_component>
      <object_component id="oc-1b4">
         <name>.debug_info</name>
         <load_address>0x4ecc</load_address>
         <run_address>0x4ecc</run_address>
         <size>0xe2</size>
      </object_component>
      <object_component id="oc-da">
         <name>.debug_line</name>
         <load_address>0x0</load_address>
         <run_address>0x0</run_address>
         <size>0x2c</size>
         <input_file_ref idref="fl-1"/>
      </object_component>
      <object_component id="oc-8a">
         <name>.debug_line</name>
         <load_address>0x2c</load_address>
         <run_address>0x2c</run_address>
         <size>0x8b</size>
         <input_file_ref idref="fl-1"/>
      </object_component>
      <object_component id="oc-de">
         <name>.debug_line</name>
         <load_address>0xb7</load_address>
         <run_address>0xb7</run_address>
         <size>0x2c</size>
         <input_file_ref idref="fl-1"/>
      </object_component>
      <object_component id="oc-9d">
         <name>.debug_line</name>
         <load_address>0xe3</load_address>
         <run_address>0xe3</run_address>
         <size>0x7a</size>
         <input_file_ref idref="fl-1"/>
      </object_component>
      <object_component id="oc-3f">
         <name>.debug_line</name>
         <load_address>0x15d</load_address>
         <run_address>0x15d</run_address>
         <size>0x20</size>
         <input_file_ref idref="fl-1"/>
      </object_component>
      <object_component id="oc-e5">
         <name>.debug_line</name>
         <load_address>0x17d</load_address>
         <run_address>0x17d</run_address>
         <size>0x7e</size>
         <input_file_ref idref="fl-1"/>
      </object_component>
      <object_component id="oc-a2">
         <name>.debug_line</name>
         <load_address>0x1fb</load_address>
         <run_address>0x1fb</run_address>
         <size>0x7b</size>
         <input_file_ref idref="fl-1"/>
      </object_component>
      <object_component id="oc-84">
         <name>.debug_line</name>
         <load_address>0x276</load_address>
         <run_address>0x276</run_address>
         <size>0x4e</size>
         <input_file_ref idref="fl-2"/>
      </object_component>
      <object_component id="oc-e1">
         <name>.debug_line</name>
         <load_address>0x2c4</load_address>
         <run_address>0x2c4</run_address>
         <size>0x58</size>
         <input_file_ref idref="fl-3"/>
      </object_component>
      <object_component id="oc-d6">
         <name>.debug_line</name>
         <load_address>0x31c</load_address>
         <run_address>0x31c</run_address>
         <size>0x2d</size>
         <input_file_ref idref="fl-3"/>
      </object_component>
      <object_component id="oc-d8">
         <name>.debug_line</name>
         <load_address>0x349</load_address>
         <run_address>0x349</run_address>
         <size>0x2d</size>
         <input_file_ref idref="fl-3"/>
      </object_component>
      <object_component id="oc-31">
         <name>.debug_line</name>
         <load_address>0x376</load_address>
         <run_address>0x376</run_address>
         <size>0x8f</size>
         <input_file_ref idref="fl-3"/>
      </object_component>
      <object_component id="oc-78">
         <name>.debug_line</name>
         <load_address>0x405</load_address>
         <run_address>0x405</run_address>
         <size>0x51</size>
         <input_file_ref idref="fl-4"/>
      </object_component>
      <object_component id="oc-7e">
         <name>.debug_line</name>
         <load_address>0x456</load_address>
         <run_address>0x456</run_address>
         <size>0x49</size>
         <input_file_ref idref="fl-5"/>
      </object_component>
      <object_component id="oc-99">
         <name>.debug_line</name>
         <load_address>0x49f</load_address>
         <run_address>0x49f</run_address>
         <size>0x41</size>
         <input_file_ref idref="fl-6"/>
      </object_component>
      <object_component id="oc-34">
         <name>.debug_line</name>
         <load_address>0x4e0</load_address>
         <run_address>0x4e0</run_address>
         <size>0x41</size>
         <input_file_ref idref="fl-6"/>
      </object_component>
      <object_component id="oc-2b">
         <name>.debug_line</name>
         <load_address>0x521</load_address>
         <run_address>0x521</run_address>
         <size>0xa1</size>
         <input_file_ref idref="fl-6"/>
      </object_component>
      <object_component id="oc-f4">
         <name>.debug_line</name>
         <load_address>0x5c2</load_address>
         <run_address>0x5c2</run_address>
         <size>0x92</size>
         <input_file_ref idref="fl-c1"/>
      </object_component>
      <object_component id="oc-51">
         <name>.debug_line</name>
         <load_address>0x654</load_address>
         <run_address>0x654</run_address>
         <size>0x56</size>
         <input_file_ref idref="fl-c1"/>
      </object_component>
      <object_component id="oc-b6">
         <name>.debug_line</name>
         <load_address>0x6aa</load_address>
         <run_address>0x6aa</run_address>
         <size>0x34</size>
         <input_file_ref idref="fl-c1"/>
      </object_component>
      <object_component id="oc-f1">
         <name>.debug_line</name>
         <load_address>0x6de</load_address>
         <run_address>0x6de</run_address>
         <size>0x92</size>
         <input_file_ref idref="fl-c1"/>
      </object_component>
      <object_component id="oc-b1">
         <name>.debug_line</name>
         <load_address>0x770</load_address>
         <run_address>0x770</run_address>
         <size>0x20</size>
         <input_file_ref idref="fl-c2"/>
      </object_component>
      <object_component id="oc-1f">
         <name>.debug_line</name>
         <load_address>0x790</load_address>
         <run_address>0x790</run_address>
         <size>0x55</size>
         <input_file_ref idref="fl-c2"/>
      </object_component>
      <object_component id="oc-4a">
         <name>.debug_line</name>
         <load_address>0x7e5</load_address>
         <run_address>0x7e5</run_address>
         <size>0x3a</size>
         <input_file_ref idref="fl-c2"/>
      </object_component>
      <object_component id="oc-ae">
         <name>.debug_line</name>
         <load_address>0x81f</load_address>
         <run_address>0x81f</run_address>
         <size>0x92</size>
         <input_file_ref idref="fl-c2"/>
      </object_component>
      <object_component id="oc-ed">
         <name>.debug_line</name>
         <load_address>0x8b1</load_address>
         <run_address>0x8b1</run_address>
         <size>0x20</size>
         <input_file_ref idref="fl-c3"/>
      </object_component>
      <object_component id="oc-19">
         <name>.debug_line</name>
         <load_address>0x8d1</load_address>
         <run_address>0x8d1</run_address>
         <size>0xa9</size>
         <input_file_ref idref="fl-c3"/>
      </object_component>
      <object_component id="oc-3a">
         <name>.debug_line</name>
         <load_address>0x97a</load_address>
         <run_address>0x97a</run_address>
         <size>0x3a</size>
         <input_file_ref idref="fl-c3"/>
      </object_component>
      <object_component id="oc-ea">
         <name>.debug_line</name>
         <load_address>0x9b4</load_address>
         <run_address>0x9b4</run_address>
         <size>0x9a</size>
         <input_file_ref idref="fl-c3"/>
      </object_component>
      <object_component id="oc-a7">
         <name>.debug_line</name>
         <load_address>0xa4e</load_address>
         <run_address>0xa4e</run_address>
         <size>0x96</size>
         <input_file_ref idref="fl-c3"/>
      </object_component>
      <object_component id="oc-72">
         <name>.debug_line</name>
         <load_address>0xae4</load_address>
         <run_address>0xae4</run_address>
         <size>0x33</size>
         <input_file_ref idref="fl-c4"/>
      </object_component>
      <object_component id="oc-63">
         <name>.debug_line</name>
         <load_address>0xb17</load_address>
         <run_address>0xb17</run_address>
         <size>0x45</size>
         <input_file_ref idref="fl-c4"/>
      </object_component>
      <object_component id="oc-45">
         <name>.debug_line</name>
         <load_address>0xb5c</load_address>
         <run_address>0xb5c</run_address>
         <size>0x88</size>
         <input_file_ref idref="fl-c6"/>
      </object_component>
      <object_component id="oc-164">
         <name>.debug_line</name>
         <load_address>0xbe4</load_address>
         <run_address>0xbe4</run_address>
         <size>0xbf</size>
         <input_file_ref idref="fl-c7"/>
      </object_component>
      <object_component id="oc-107">
         <name>.debug_line</name>
         <load_address>0xca3</load_address>
         <run_address>0xca3</run_address>
         <size>0x6f</size>
         <input_file_ref idref="fl-c7"/>
      </object_component>
      <object_component id="oc-168">
         <name>.debug_line</name>
         <load_address>0xd12</load_address>
         <run_address>0xd12</run_address>
         <size>0x2e</size>
         <input_file_ref idref="fl-c7"/>
      </object_component>
      <object_component id="oc-17c">
         <name>.debug_line</name>
         <load_address>0xd40</load_address>
         <run_address>0xd40</run_address>
         <size>0x9a</size>
         <input_file_ref idref="fl-c7"/>
      </object_component>
      <object_component id="oc-16d">
         <name>.debug_line</name>
         <load_address>0xdda</load_address>
         <run_address>0xdda</run_address>
         <size>0x97</size>
         <input_file_ref idref="fl-c7"/>
      </object_component>
      <object_component id="oc-172">
         <name>.debug_line</name>
         <load_address>0xe71</load_address>
         <run_address>0xe71</run_address>
         <size>0x93</size>
         <input_file_ref idref="fl-c7"/>
      </object_component>
      <object_component id="oc-c3">
         <name>.debug_line</name>
         <load_address>0xf04</load_address>
         <run_address>0xf04</run_address>
         <size>0x40</size>
         <input_file_ref idref="fl-c8"/>
      </object_component>
      <object_component id="oc-fb">
         <name>.debug_line</name>
         <load_address>0xf44</load_address>
         <run_address>0xf44</run_address>
         <size>0x3c</size>
         <input_file_ref idref="fl-ca"/>
      </object_component>
      <object_component id="oc-8b">
         <name>.debug_frame</name>
         <load_address>0x0</load_address>
         <run_address>0x0</run_address>
         <size>0x80</size>
         <input_file_ref idref="fl-1"/>
      </object_component>
      <object_component id="oc-85">
         <name>.debug_frame</name>
         <load_address>0x80</load_address>
         <run_address>0x80</run_address>
         <size>0x54</size>
         <input_file_ref idref="fl-2"/>
      </object_component>
      <object_component id="oc-32">
         <name>.debug_frame</name>
         <load_address>0xd4</load_address>
         <run_address>0xd4</run_address>
         <size>0x84</size>
         <input_file_ref idref="fl-3"/>
      </object_component>
      <object_component id="oc-79">
         <name>.debug_frame</name>
         <load_address>0x158</load_address>
         <run_address>0x158</run_address>
         <size>0x54</size>
         <input_file_ref idref="fl-4"/>
      </object_component>
      <object_component id="oc-7f">
         <name>.debug_frame</name>
         <load_address>0x1ac</load_address>
         <run_address>0x1ac</run_address>
         <size>0x58</size>
         <input_file_ref idref="fl-5"/>
      </object_component>
      <object_component id="oc-2c">
         <name>.debug_frame</name>
         <load_address>0x204</load_address>
         <run_address>0x204</run_address>
         <size>0x90</size>
         <input_file_ref idref="fl-6"/>
      </object_component>
      <object_component id="oc-52">
         <name>.debug_frame</name>
         <load_address>0x294</load_address>
         <run_address>0x294</run_address>
         <size>0x54</size>
         <input_file_ref idref="fl-c1"/>
      </object_component>
      <object_component id="oc-20">
         <name>.debug_frame</name>
         <load_address>0x2e8</load_address>
         <run_address>0x2e8</run_address>
         <size>0x54</size>
         <input_file_ref idref="fl-c2"/>
      </object_component>
      <object_component id="oc-1a">
         <name>.debug_frame</name>
         <load_address>0x33c</load_address>
         <run_address>0x33c</run_address>
         <size>0x60</size>
         <input_file_ref idref="fl-c3"/>
      </object_component>
      <object_component id="oc-64">
         <name>.debug_frame</name>
         <load_address>0x39c</load_address>
         <run_address>0x39c</run_address>
         <size>0x50</size>
         <input_file_ref idref="fl-c4"/>
      </object_component>
      <object_component id="oc-108">
         <name>.debug_frame</name>
         <load_address>0x3ec</load_address>
         <run_address>0x3ec</run_address>
         <size>0x5c</size>
         <input_file_ref idref="fl-c7"/>
      </object_component>
      <object_component id="oc-c4">
         <name>.debug_frame</name>
         <load_address>0x448</load_address>
         <run_address>0x448</run_address>
         <size>0x54</size>
         <input_file_ref idref="fl-c8"/>
      </object_component>
      <object_component id="oc-fc">
         <name>.debug_frame</name>
         <load_address>0x49c</load_address>
         <run_address>0x49c</run_address>
         <size>0x54</size>
         <input_file_ref idref="fl-ca"/>
      </object_component>
      <object_component id="oc-d9">
         <name>.debug_abbrev</name>
         <load_address>0x0</load_address>
         <run_address>0x0</run_address>
         <size>0x4d</size>
         <input_file_ref idref="fl-1"/>
      </object_component>
      <object_component id="oc-d4">
         <name>.debug_abbrev</name>
         <load_address>0x4d</load_address>
         <run_address>0x4d</run_address>
         <size>0x6c</size>
         <input_file_ref idref="fl-1"/>
      </object_component>
      <object_component id="oc-dd">
         <name>.debug_abbrev</name>
         <load_address>0xb9</load_address>
         <run_address>0xb9</run_address>
         <size>0x49</size>
         <input_file_ref idref="fl-1"/>
      </object_component>
      <object_component id="oc-9c">
         <name>.debug_abbrev</name>
         <load_address>0x102</load_address>
         <run_address>0x102</run_address>
         <size>0x69</size>
         <input_file_ref idref="fl-1"/>
      </object_component>
      <object_component id="oc-3e">
         <name>.debug_abbrev</name>
         <load_address>0x16b</load_address>
         <run_address>0x16b</run_address>
         <size>0x1f</size>
         <input_file_ref idref="fl-1"/>
      </object_component>
      <object_component id="oc-e4">
         <name>.debug_abbrev</name>
         <load_address>0x18a</load_address>
         <run_address>0x18a</run_address>
         <size>0x5c</size>
         <input_file_ref idref="fl-1"/>
      </object_component>
      <object_component id="oc-a1">
         <name>.debug_abbrev</name>
         <load_address>0x1e6</load_address>
         <run_address>0x1e6</run_address>
         <size>0x24</size>
         <input_file_ref idref="fl-1"/>
      </object_component>
      <object_component id="oc-d3">
         <name>.debug_abbrev</name>
         <load_address>0x20a</load_address>
         <run_address>0x20a</run_address>
         <size>0x50</size>
         <input_file_ref idref="fl-2"/>
      </object_component>
      <object_component id="oc-e0">
         <name>.debug_abbrev</name>
         <load_address>0x25a</load_address>
         <run_address>0x25a</run_address>
         <size>0x99</size>
         <input_file_ref idref="fl-3"/>
      </object_component>
      <object_component id="oc-d5">
         <name>.debug_abbrev</name>
         <load_address>0x2f3</load_address>
         <run_address>0x2f3</run_address>
         <size>0x29</size>
         <input_file_ref idref="fl-3"/>
      </object_component>
      <object_component id="oc-d7">
         <name>.debug_abbrev</name>
         <load_address>0x31c</load_address>
         <run_address>0x31c</run_address>
         <size>0x29</size>
         <input_file_ref idref="fl-3"/>
      </object_component>
      <object_component id="oc-97">
         <name>.debug_abbrev</name>
         <load_address>0x345</load_address>
         <run_address>0x345</run_address>
         <size>0x8d</size>
         <input_file_ref idref="fl-3"/>
      </object_component>
      <object_component id="oc-d1">
         <name>.debug_abbrev</name>
         <load_address>0x3d2</load_address>
         <run_address>0x3d2</run_address>
         <size>0x50</size>
         <input_file_ref idref="fl-4"/>
      </object_component>
      <object_component id="oc-d2">
         <name>.debug_abbrev</name>
         <load_address>0x422</load_address>
         <run_address>0x422</run_address>
         <size>0x6c</size>
         <input_file_ref idref="fl-5"/>
      </object_component>
      <object_component id="oc-98">
         <name>.debug_abbrev</name>
         <load_address>0x48e</load_address>
         <run_address>0x48e</run_address>
         <size>0x7c</size>
         <input_file_ref idref="fl-6"/>
      </object_component>
      <object_component id="oc-33">
         <name>.debug_abbrev</name>
         <load_address>0x50a</load_address>
         <run_address>0x50a</run_address>
         <size>0x29</size>
         <input_file_ref idref="fl-6"/>
      </object_component>
      <object_component id="oc-73">
         <name>.debug_abbrev</name>
         <load_address>0x533</load_address>
         <run_address>0x533</run_address>
         <size>0x79</size>
         <input_file_ref idref="fl-6"/>
      </object_component>
      <object_component id="oc-f3">
         <name>.debug_abbrev</name>
         <load_address>0x5ac</load_address>
         <run_address>0x5ac</run_address>
         <size>0x5d</size>
         <input_file_ref idref="fl-c1"/>
      </object_component>
      <object_component id="oc-b2">
         <name>.debug_abbrev</name>
         <load_address>0x609</load_address>
         <run_address>0x609</run_address>
         <size>0x6f</size>
         <input_file_ref idref="fl-c1"/>
      </object_component>
      <object_component id="oc-b5">
         <name>.debug_abbrev</name>
         <load_address>0x678</load_address>
         <run_address>0x678</run_address>
         <size>0x24</size>
         <input_file_ref idref="fl-c1"/>
      </object_component>
      <object_component id="oc-f0">
         <name>.debug_abbrev</name>
         <load_address>0x69c</load_address>
         <run_address>0x69c</run_address>
         <size>0x24</size>
         <input_file_ref idref="fl-c1"/>
      </object_component>
      <object_component id="oc-b0">
         <name>.debug_abbrev</name>
         <load_address>0x6c0</load_address>
         <run_address>0x6c0</run_address>
         <size>0x37</size>
         <input_file_ref idref="fl-c2"/>
      </object_component>
      <object_component id="oc-46">
         <name>.debug_abbrev</name>
         <load_address>0x6f7</load_address>
         <run_address>0x6f7</run_address>
         <size>0x74</size>
         <input_file_ref idref="fl-c2"/>
      </object_component>
      <object_component id="oc-49">
         <name>.debug_abbrev</name>
         <load_address>0x76b</load_address>
         <run_address>0x76b</run_address>
         <size>0x24</size>
         <input_file_ref idref="fl-c2"/>
      </object_component>
      <object_component id="oc-ad">
         <name>.debug_abbrev</name>
         <load_address>0x78f</load_address>
         <run_address>0x78f</run_address>
         <size>0x24</size>
         <input_file_ref idref="fl-c2"/>
      </object_component>
      <object_component id="oc-ec">
         <name>.debug_abbrev</name>
         <load_address>0x7b3</load_address>
         <run_address>0x7b3</run_address>
         <size>0x37</size>
         <input_file_ref idref="fl-c3"/>
      </object_component>
      <object_component id="oc-36">
         <name>.debug_abbrev</name>
         <load_address>0x7ea</load_address>
         <run_address>0x7ea</run_address>
         <size>0x6f</size>
         <input_file_ref idref="fl-c3"/>
      </object_component>
      <object_component id="oc-39">
         <name>.debug_abbrev</name>
         <load_address>0x859</load_address>
         <run_address>0x859</run_address>
         <size>0x24</size>
         <input_file_ref idref="fl-c3"/>
      </object_component>
      <object_component id="oc-e9">
         <name>.debug_abbrev</name>
         <load_address>0x87d</load_address>
         <run_address>0x87d</run_address>
         <size>0x35</size>
         <input_file_ref idref="fl-c3"/>
      </object_component>
      <object_component id="oc-a6">
         <name>.debug_abbrev</name>
         <load_address>0x8b2</load_address>
         <run_address>0x8b2</run_address>
         <size>0x24</size>
         <input_file_ref idref="fl-c3"/>
      </object_component>
      <object_component id="oc-71">
         <name>.debug_abbrev</name>
         <load_address>0x8d6</load_address>
         <run_address>0x8d6</run_address>
         <size>0x29</size>
         <input_file_ref idref="fl-c4"/>
      </object_component>
      <object_component id="oc-c8">
         <name>.debug_abbrev</name>
         <load_address>0x8ff</load_address>
         <run_address>0x8ff</run_address>
         <size>0x55</size>
         <input_file_ref idref="fl-c4"/>
      </object_component>
      <object_component id="oc-aa">
         <name>.debug_abbrev</name>
         <load_address>0x954</load_address>
         <run_address>0x954</run_address>
         <size>0x3e</size>
         <input_file_ref idref="fl-c6"/>
      </object_component>
      <object_component id="oc-163">
         <name>.debug_abbrev</name>
         <load_address>0x992</load_address>
         <run_address>0x992</run_address>
         <size>0xc0</size>
         <input_file_ref idref="fl-c7"/>
      </object_component>
      <object_component id="oc-13f">
         <name>.debug_abbrev</name>
         <load_address>0xa52</load_address>
         <run_address>0xa52</run_address>
         <size>0x7e</size>
         <input_file_ref idref="fl-c7"/>
      </object_component>
      <object_component id="oc-167">
         <name>.debug_abbrev</name>
         <load_address>0xad0</load_address>
         <run_address>0xad0</run_address>
         <size>0x24</size>
         <input_file_ref idref="fl-c7"/>
      </object_component>
      <object_component id="oc-17b">
         <name>.debug_abbrev</name>
         <load_address>0xaf4</load_address>
         <run_address>0xaf4</run_address>
         <size>0x24</size>
         <input_file_ref idref="fl-c7"/>
      </object_component>
      <object_component id="oc-16c">
         <name>.debug_abbrev</name>
         <load_address>0xb18</load_address>
         <run_address>0xb18</run_address>
         <size>0x24</size>
         <input_file_ref idref="fl-c7"/>
      </object_component>
      <object_component id="oc-171">
         <name>.debug_abbrev</name>
         <load_address>0xb3c</load_address>
         <run_address>0xb3c</run_address>
         <size>0x4b</size>
         <input_file_ref idref="fl-c7"/>
      </object_component>
      <object_component id="oc-f6">
         <name>.debug_abbrev</name>
         <load_address>0xb87</load_address>
         <run_address>0xb87</run_address>
         <size>0x55</size>
         <input_file_ref idref="fl-c8"/>
      </object_component>
      <object_component id="oc-135">
         <name>.debug_abbrev</name>
         <load_address>0xbdc</load_address>
         <run_address>0xbdc</run_address>
         <size>0x45</size>
         <input_file_ref idref="fl-ca"/>
      </object_component>
      <object_component id="oc-1b5">
         <name>.debug_abbrev</name>
         <load_address>0xc21</load_address>
         <run_address>0xc21</run_address>
         <size>0xf</size>
      </object_component>
      <object_component id="oc-df">
         <name>.debug_str</name>
         <load_address>0x0</load_address>
         <run_address>0x0</run_address>
         <size>0xf6</size>
         <input_file_ref idref="fl-1"/>
      </object_component>
      <object_component id="oc-9e">
         <name>.debug_str</name>
         <load_address>0xf6</load_address>
         <run_address>0xf6</run_address>
         <size>0x2fe</size>
         <input_file_ref idref="fl-1"/>
      </object_component>
      <object_component id="oc-40">
         <name>.debug_str</name>
         <load_address>0x3f4</load_address>
         <run_address>0x3f4</run_address>
         <size>0xff</size>
         <input_file_ref idref="fl-1"/>
      </object_component>
      <object_component id="oc-e6">
         <name>.debug_str</name>
         <load_address>0x4f3</load_address>
         <run_address>0x4f3</run_address>
         <size>0x394</size>
         <input_file_ref idref="fl-1"/>
      </object_component>
      <object_component id="oc-a3">
         <name>.debug_str</name>
         <load_address>0x887</load_address>
         <run_address>0x887</run_address>
         <size>0x196</size>
         <input_file_ref idref="fl-1"/>
      </object_component>
      <object_component id="oc-b7">
         <name>.debug_str</name>
         <load_address>0xa1d</load_address>
         <run_address>0xa1d</run_address>
         <size>0x105</size>
         <input_file_ref idref="fl-c1"/>
      </object_component>
      <object_component id="oc-f2">
         <name>.debug_str</name>
         <load_address>0xb22</load_address>
         <run_address>0xb22</run_address>
         <size>0x140</size>
         <input_file_ref idref="fl-c1"/>
      </object_component>
      <object_component id="oc-4b">
         <name>.debug_str</name>
         <load_address>0xc62</load_address>
         <run_address>0xc62</run_address>
         <size>0x10b</size>
         <input_file_ref idref="fl-c2"/>
      </object_component>
      <object_component id="oc-af">
         <name>.debug_str</name>
         <load_address>0xd6d</load_address>
         <run_address>0xd6d</run_address>
         <size>0x140</size>
         <input_file_ref idref="fl-c2"/>
      </object_component>
      <object_component id="oc-3b">
         <name>.debug_str</name>
         <load_address>0xead</load_address>
         <run_address>0xead</run_address>
         <size>0x118</size>
         <input_file_ref idref="fl-c3"/>
      </object_component>
      <object_component id="oc-eb">
         <name>.debug_str</name>
         <load_address>0xfc5</load_address>
         <run_address>0xfc5</run_address>
         <size>0x16b</size>
         <input_file_ref idref="fl-c3"/>
      </object_component>
      <object_component id="oc-a8">
         <name>.debug_str</name>
         <load_address>0x1130</load_address>
         <run_address>0x1130</run_address>
         <size>0x158</size>
         <input_file_ref idref="fl-c3"/>
      </object_component>
      <object_component id="oc-169">
         <name>.debug_str</name>
         <load_address>0x1288</load_address>
         <run_address>0x1288</run_address>
         <size>0xed</size>
         <input_file_ref idref="fl-c7"/>
      </object_component>
      <object_component id="oc-17d">
         <name>.debug_str</name>
         <load_address>0x1375</load_address>
         <run_address>0x1375</run_address>
         <size>0x157</size>
         <input_file_ref idref="fl-c7"/>
      </object_component>
      <object_component id="oc-16e">
         <name>.debug_str</name>
         <load_address>0x14cc</load_address>
         <run_address>0x14cc</run_address>
         <size>0x150</size>
         <input_file_ref idref="fl-c7"/>
      </object_component>
      <object_component id="oc-173">
         <name>.debug_str</name>
         <load_address>0x161c</load_address>
         <run_address>0x161c</run_address>
         <size>0x197</size>
         <input_file_ref idref="fl-c7"/>
      </object_component>
      <object_component id="oc-88">
         <name>.debug_aranges</name>
         <load_address>0x0</load_address>
         <run_address>0x0</run_address>
         <size>0x30</size>
         <input_file_ref idref="fl-1"/>
      </object_component>
      <object_component id="oc-82">
         <name>.debug_aranges</name>
         <load_address>0x30</load_address>
         <run_address>0x30</run_address>
         <size>0x20</size>
         <input_file_ref idref="fl-2"/>
      </object_component>
      <object_component id="oc-2f">
         <name>.debug_aranges</name>
         <load_address>0x50</load_address>
         <run_address>0x50</run_address>
         <size>0x30</size>
         <input_file_ref idref="fl-3"/>
      </object_component>
      <object_component id="oc-76">
         <name>.debug_aranges</name>
         <load_address>0x80</load_address>
         <run_address>0x80</run_address>
         <size>0x20</size>
         <input_file_ref idref="fl-4"/>
      </object_component>
      <object_component id="oc-7c">
         <name>.debug_aranges</name>
         <load_address>0xa0</load_address>
         <run_address>0xa0</run_address>
         <size>0x20</size>
         <input_file_ref idref="fl-5"/>
      </object_component>
      <object_component id="oc-29">
         <name>.debug_aranges</name>
         <load_address>0xc0</load_address>
         <run_address>0xc0</run_address>
         <size>0x38</size>
         <input_file_ref idref="fl-6"/>
      </object_component>
      <object_component id="oc-4f">
         <name>.debug_aranges</name>
         <load_address>0xf8</load_address>
         <run_address>0xf8</run_address>
         <size>0x20</size>
         <input_file_ref idref="fl-c1"/>
      </object_component>
      <object_component id="oc-1d">
         <name>.debug_aranges</name>
         <load_address>0x118</load_address>
         <run_address>0x118</run_address>
         <size>0x20</size>
         <input_file_ref idref="fl-c2"/>
      </object_component>
      <object_component id="oc-17">
         <name>.debug_aranges</name>
         <load_address>0x138</load_address>
         <run_address>0x138</run_address>
         <size>0x20</size>
         <input_file_ref idref="fl-c3"/>
      </object_component>
      <object_component id="oc-61">
         <name>.debug_aranges</name>
         <load_address>0x158</load_address>
         <run_address>0x158</run_address>
         <size>0x20</size>
         <input_file_ref idref="fl-c4"/>
      </object_component>
      <object_component id="oc-43">
         <name>.debug_aranges</name>
         <load_address>0x178</load_address>
         <run_address>0x178</run_address>
         <size>0x20</size>
         <input_file_ref idref="fl-c6"/>
      </object_component>
      <object_component id="oc-105">
         <name>.debug_aranges</name>
         <load_address>0x198</load_address>
         <run_address>0x198</run_address>
         <size>0x20</size>
         <input_file_ref idref="fl-c7"/>
      </object_component>
      <object_component id="oc-c1">
         <name>.debug_aranges</name>
         <load_address>0x1b8</load_address>
         <run_address>0x1b8</run_address>
         <size>0x20</size>
         <input_file_ref idref="fl-c8"/>
      </object_component>
      <object_component id="oc-f9">
         <name>.debug_aranges</name>
         <load_address>0x1d8</load_address>
         <run_address>0x1d8</run_address>
         <size>0x20</size>
         <input_file_ref idref="fl-ca"/>
      </object_component>
      <object_component id="oc-94">
         <name>.debug_pubnames</name>
         <load_address>0x0</load_address>
         <run_address>0x0</run_address>
         <size>0x1a</size>
         <input_file_ref idref="fl-1"/>
      </object_component>
      <object_component id="oc-89">
         <name>.debug_pubnames</name>
         <load_address>0x1a</load_address>
         <run_address>0x1a</run_address>
         <size>0x47</size>
         <input_file_ref idref="fl-1"/>
      </object_component>
      <object_component id="oc-83">
         <name>.debug_pubnames</name>
         <load_address>0x61</load_address>
         <run_address>0x61</run_address>
         <size>0x21</size>
         <input_file_ref idref="fl-2"/>
      </object_component>
      <object_component id="oc-96">
         <name>.debug_pubnames</name>
         <load_address>0x82</load_address>
         <run_address>0x82</run_address>
         <size>0x1a</size>
         <input_file_ref idref="fl-3"/>
      </object_component>
      <object_component id="oc-8e">
         <name>.debug_pubnames</name>
         <load_address>0x9c</load_address>
         <run_address>0x9c</run_address>
         <size>0x23</size>
         <input_file_ref idref="fl-3"/>
      </object_component>
      <object_component id="oc-91">
         <name>.debug_pubnames</name>
         <load_address>0xbf</load_address>
         <run_address>0xbf</run_address>
         <size>0x22</size>
         <input_file_ref idref="fl-3"/>
      </object_component>
      <object_component id="oc-30">
         <name>.debug_pubnames</name>
         <load_address>0xe1</load_address>
         <run_address>0xe1</run_address>
         <size>0x44</size>
         <input_file_ref idref="fl-3"/>
      </object_component>
      <object_component id="oc-77">
         <name>.debug_pubnames</name>
         <load_address>0x125</load_address>
         <run_address>0x125</run_address>
         <size>0x23</size>
         <input_file_ref idref="fl-4"/>
      </object_component>
      <object_component id="oc-7d">
         <name>.debug_pubnames</name>
         <load_address>0x148</load_address>
         <run_address>0x148</run_address>
         <size>0x23</size>
         <input_file_ref idref="fl-5"/>
      </object_component>
      <object_component id="oc-14">
         <name>.debug_pubnames</name>
         <load_address>0x16b</load_address>
         <run_address>0x16b</run_address>
         <size>0x23</size>
         <input_file_ref idref="fl-6"/>
      </object_component>
      <object_component id="oc-2a">
         <name>.debug_pubnames</name>
         <load_address>0x18e</load_address>
         <run_address>0x18e</run_address>
         <size>0x4c</size>
         <input_file_ref idref="fl-6"/>
      </object_component>
      <object_component id="oc-50">
         <name>.debug_pubnames</name>
         <load_address>0x1da</load_address>
         <run_address>0x1da</run_address>
         <size>0x2e</size>
         <input_file_ref idref="fl-c1"/>
      </object_component>
      <object_component id="oc-1e">
         <name>.debug_pubnames</name>
         <load_address>0x208</load_address>
         <run_address>0x208</run_address>
         <size>0x2b</size>
         <input_file_ref idref="fl-c2"/>
      </object_component>
      <object_component id="oc-18">
         <name>.debug_pubnames</name>
         <load_address>0x233</load_address>
         <run_address>0x233</run_address>
         <size>0x2b</size>
         <input_file_ref idref="fl-c3"/>
      </object_component>
      <object_component id="oc-26">
         <name>.debug_pubnames</name>
         <load_address>0x25e</load_address>
         <run_address>0x25e</run_address>
         <size>0x1e</size>
         <input_file_ref idref="fl-c4"/>
      </object_component>
      <object_component id="oc-62">
         <name>.debug_pubnames</name>
         <load_address>0x27c</load_address>
         <run_address>0x27c</run_address>
         <size>0x26</size>
         <input_file_ref idref="fl-c4"/>
      </object_component>
      <object_component id="oc-44">
         <name>.debug_pubnames</name>
         <load_address>0x2a2</load_address>
         <run_address>0x2a2</run_address>
         <size>0x1d</size>
         <input_file_ref idref="fl-c6"/>
      </object_component>
      <object_component id="oc-106">
         <name>.debug_pubnames</name>
         <load_address>0x2bf</load_address>
         <run_address>0x2bf</run_address>
         <size>0x35</size>
         <input_file_ref idref="fl-c7"/>
      </object_component>
      <object_component id="oc-c2">
         <name>.debug_pubnames</name>
         <load_address>0x2f4</load_address>
         <run_address>0x2f4</run_address>
         <size>0x27</size>
         <input_file_ref idref="fl-c8"/>
      </object_component>
      <object_component id="oc-fa">
         <name>.debug_pubnames</name>
         <load_address>0x31b</load_address>
         <run_address>0x31b</run_address>
         <size>0x1c</size>
         <input_file_ref idref="fl-ca"/>
      </object_component>
      <object_component id="oc-dc">
         <name>.debug_pubtypes</name>
         <load_address>0x0</load_address>
         <run_address>0x0</run_address>
         <size>0x1b</size>
         <input_file_ref idref="fl-1"/>
      </object_component>
      <object_component id="oc-9b">
         <name>.debug_pubtypes</name>
         <load_address>0x1b</load_address>
         <run_address>0x1b</run_address>
         <size>0x25c</size>
         <input_file_ref idref="fl-1"/>
      </object_component>
      <object_component id="oc-3d">
         <name>.debug_pubtypes</name>
         <load_address>0x277</load_address>
         <run_address>0x277</run_address>
         <size>0xed</size>
         <input_file_ref idref="fl-1"/>
      </object_component>
      <object_component id="oc-e3">
         <name>.debug_pubtypes</name>
         <load_address>0x364</load_address>
         <run_address>0x364</run_address>
         <size>0x330</size>
         <input_file_ref idref="fl-1"/>
      </object_component>
      <object_component id="oc-a0">
         <name>.debug_pubtypes</name>
         <load_address>0x694</load_address>
         <run_address>0x694</run_address>
         <size>0xaa</size>
         <input_file_ref idref="fl-1"/>
      </object_component>
      <object_component id="oc-b4">
         <name>.debug_pubtypes</name>
         <load_address>0x73e</load_address>
         <run_address>0x73e</run_address>
         <size>0x48</size>
         <input_file_ref idref="fl-c1"/>
      </object_component>
      <object_component id="oc-ef">
         <name>.debug_pubtypes</name>
         <load_address>0x786</load_address>
         <run_address>0x786</run_address>
         <size>0x1d</size>
         <input_file_ref idref="fl-c1"/>
      </object_component>
      <object_component id="oc-48">
         <name>.debug_pubtypes</name>
         <load_address>0x7a3</load_address>
         <run_address>0x7a3</run_address>
         <size>0x48</size>
         <input_file_ref idref="fl-c2"/>
      </object_component>
      <object_component id="oc-ac">
         <name>.debug_pubtypes</name>
         <load_address>0x7eb</load_address>
         <run_address>0x7eb</run_address>
         <size>0x1d</size>
         <input_file_ref idref="fl-c2"/>
      </object_component>
      <object_component id="oc-38">
         <name>.debug_pubtypes</name>
         <load_address>0x808</load_address>
         <run_address>0x808</run_address>
         <size>0x5d</size>
         <input_file_ref idref="fl-c3"/>
      </object_component>
      <object_component id="oc-e8">
         <name>.debug_pubtypes</name>
         <load_address>0x865</load_address>
         <run_address>0x865</run_address>
         <size>0x48</size>
         <input_file_ref idref="fl-c3"/>
      </object_component>
      <object_component id="oc-a5">
         <name>.debug_pubtypes</name>
         <load_address>0x8ad</load_address>
         <run_address>0x8ad</run_address>
         <size>0x35</size>
         <input_file_ref idref="fl-c3"/>
      </object_component>
      <object_component id="oc-166">
         <name>.debug_pubtypes</name>
         <load_address>0x8e2</load_address>
         <run_address>0x8e2</run_address>
         <size>0x32</size>
         <input_file_ref idref="fl-c7"/>
      </object_component>
      <object_component id="oc-17a">
         <name>.debug_pubtypes</name>
         <load_address>0x914</load_address>
         <run_address>0x914</run_address>
         <size>0x30</size>
         <input_file_ref idref="fl-c7"/>
      </object_component>
      <object_component id="oc-16b">
         <name>.debug_pubtypes</name>
         <load_address>0x944</load_address>
         <run_address>0x944</run_address>
         <size>0x2c</size>
         <input_file_ref idref="fl-c7"/>
      </object_component>
      <object_component id="oc-170">
         <name>.debug_pubtypes</name>
         <load_address>0x970</load_address>
         <run_address>0x970</run_address>
         <size>0x50</size>
         <input_file_ref idref="fl-c7"/>
      </object_component>
   </object_component_list>
   <logical_group_list>
      <logical_group id="lg-3" display="no" color="cyan">
         <name>.intvecs</name>
         <load_address>0x0</load_address>
         <run_address>0x0</run_address>
         <size>0x26c</size>
         <contents>
            <object_component_ref idref="oc-12"/>
         </contents>
      </logical_group>
      <logical_group id="lg-4" display="no" color="cyan">
         <name>.text</name>
         <load_address>0x26c</load_address>
         <run_address>0x26c</run_address>
         <size>0x432</size>
         <contents>
            <object_component_ref idref="oc-86"/>
            <object_component_ref idref="oc-41"/>
            <object_component_ref idref="oc-2d"/>
            <object_component_ref idref="oc-74"/>
            <object_component_ref idref="oc-15"/>
            <object_component_ref idref="oc-80"/>
            <object_component_ref idref="oc-103"/>
            <object_component_ref idref="oc-7a"/>
            <object_component_ref idref="oc-5f"/>
            <object_component_ref idref="oc-4d"/>
            <object_component_ref idref="oc-1b"/>
            <object_component_ref idref="oc-27"/>
            <object_component_ref idref="oc-bf"/>
            <object_component_ref idref="oc-f7"/>
         </contents>
      </logical_group>
      <logical_group id="lg-5" display="no" color="cyan">
         <name>.const</name>
         <run_address>0x0</run_address>
         <size>0x0</size>
         <contents>
         </contents>
      </logical_group>
      <logical_group id="lg-6" display="no" color="cyan">
         <name>.cinit</name>
         <load_address>0x6a0</load_address>
         <run_address>0x6a0</run_address>
         <size>0x30</size>
         <contents>
            <object_component_ref idref="oc-1ae"/>
            <object_component_ref idref="oc-1b1"/>
            <object_component_ref idref="oc-1b0"/>
            <object_component_ref idref="oc-1af"/>
         </contents>
      </logical_group>
      <logical_group id="lg-7" display="no" color="cyan">
         <name>.pinit</name>
         <run_address>0x0</run_address>
         <size>0x0</size>
         <contents>
         </contents>
      </logical_group>
      <logical_group id="lg-8" display="no" color="cyan">
         <name>.init_array</name>
         <run_address>0x0</run_address>
         <size>0x0</size>
         <contents>
         </contents>
      </logical_group>
      <logical_group id="lg-9" display="no" color="cyan">
         <name>.vtable</name>
         <run_address>0x0</run_address>
         <size>0x0</size>
         <contents>
         </contents>
      </logical_group>
      <logical_group id="lg-a" display="no" color="cyan">
         <name>.data</name>
         <run_address>0x20000200</run_address>
         <size>0x9</size>
         <contents>
            <object_component_ref idref="oc-8c"/>
            <object_component_ref idref="oc-8f"/>
         </contents>
      </logical_group>
      <logical_group id="lg-b" display="no" color="cyan">
         <name>.bss</name>
         <run_address>0x2000020c</run_address>
         <size>0x8</size>
         <contents>
            <object_component_ref idref="oc-92"/>
         </contents>
      </logical_group>
      <logical_group id="lg-c" display="no" color="cyan">
         <name>.sysmem</name>
         <run_address>0x0</run_address>
         <size>0x0</size>
         <contents>
         </contents>
      </logical_group>
      <logical_group id="lg-d" display="no" color="cyan">
         <name>.stack</name>
         <run_address>0x20000000</run_address>
         <size>0x200</size>
         <contents>
            <object_component_ref idref="oc-24"/>
            <object_component_ref idref="oc-1b3"/>
         </contents>
      </logical_group>
      <logical_group id="lg-185" display="no" color="cyan">
         <name>.TI.noinit</name>
         <run_address>0x0</run_address>
         <size>0x0</size>
         <contents>
         </contents>
      </logical_group>
      <logical_group id="lg-186" display="no" color="cyan">
         <name>.TI.persistent</name>
         <run_address>0x0</run_address>
         <size>0x0</size>
         <contents>
         </contents>
      </logical_group>
      <logical_group id="lg-187" display="no" color="cyan">
         <name>__llvm_prf_cnts</name>
         <run_address>0x20000000</run_address>
         <size>0x0</size>
         <contents>
         </contents>
      </logical_group>
      <logical_group id="lg-196" display="never" color="cyan">
         <name>.debug_info</name>
         <load_address>0x0</load_address>
         <run_address>0x0</run_address>
         <size>0x4fae</size>
         <contents>
            <object_component_ref idref="oc-93"/>
            <object_component_ref idref="oc-87"/>
            <object_component_ref idref="oc-db"/>
            <object_component_ref idref="oc-9a"/>
            <object_component_ref idref="oc-3c"/>
            <object_component_ref idref="oc-e2"/>
            <object_component_ref idref="oc-9f"/>
            <object_component_ref idref="oc-81"/>
            <object_component_ref idref="oc-95"/>
            <object_component_ref idref="oc-8d"/>
            <object_component_ref idref="oc-90"/>
            <object_component_ref idref="oc-2e"/>
            <object_component_ref idref="oc-75"/>
            <object_component_ref idref="oc-7b"/>
            <object_component_ref idref="oc-35"/>
            <object_component_ref idref="oc-13"/>
            <object_component_ref idref="oc-28"/>
            <object_component_ref idref="oc-b8"/>
            <object_component_ref idref="oc-4e"/>
            <object_component_ref idref="oc-b3"/>
            <object_component_ref idref="oc-ee"/>
            <object_component_ref idref="oc-4c"/>
            <object_component_ref idref="oc-1c"/>
            <object_component_ref idref="oc-47"/>
            <object_component_ref idref="oc-ab"/>
            <object_component_ref idref="oc-a9"/>
            <object_component_ref idref="oc-16"/>
            <object_component_ref idref="oc-37"/>
            <object_component_ref idref="oc-e7"/>
            <object_component_ref idref="oc-a4"/>
            <object_component_ref idref="oc-25"/>
            <object_component_ref idref="oc-60"/>
            <object_component_ref idref="oc-42"/>
            <object_component_ref idref="oc-140"/>
            <object_component_ref idref="oc-104"/>
            <object_component_ref idref="oc-165"/>
            <object_component_ref idref="oc-179"/>
            <object_component_ref idref="oc-16a"/>
            <object_component_ref idref="oc-16f"/>
            <object_component_ref idref="oc-c0"/>
            <object_component_ref idref="oc-f8"/>
            <object_component_ref idref="oc-1b4"/>
         </contents>
      </logical_group>
      <logical_group id="lg-198" display="never" color="cyan">
         <name>.debug_line</name>
         <load_address>0x0</load_address>
         <run_address>0x0</run_address>
         <size>0xf80</size>
         <contents>
            <object_component_ref idref="oc-da"/>
            <object_component_ref idref="oc-8a"/>
            <object_component_ref idref="oc-de"/>
            <object_component_ref idref="oc-9d"/>
            <object_component_ref idref="oc-3f"/>
            <object_component_ref idref="oc-e5"/>
            <object_component_ref idref="oc-a2"/>
            <object_component_ref idref="oc-84"/>
            <object_component_ref idref="oc-e1"/>
            <object_component_ref idref="oc-d6"/>
            <object_component_ref idref="oc-d8"/>
            <object_component_ref idref="oc-31"/>
            <object_component_ref idref="oc-78"/>
            <object_component_ref idref="oc-7e"/>
            <object_component_ref idref="oc-99"/>
            <object_component_ref idref="oc-34"/>
            <object_component_ref idref="oc-2b"/>
            <object_component_ref idref="oc-f4"/>
            <object_component_ref idref="oc-51"/>
            <object_component_ref idref="oc-b6"/>
            <object_component_ref idref="oc-f1"/>
            <object_component_ref idref="oc-b1"/>
            <object_component_ref idref="oc-1f"/>
            <object_component_ref idref="oc-4a"/>
            <object_component_ref idref="oc-ae"/>
            <object_component_ref idref="oc-ed"/>
            <object_component_ref idref="oc-19"/>
            <object_component_ref idref="oc-3a"/>
            <object_component_ref idref="oc-ea"/>
            <object_component_ref idref="oc-a7"/>
            <object_component_ref idref="oc-72"/>
            <object_component_ref idref="oc-63"/>
            <object_component_ref idref="oc-45"/>
            <object_component_ref idref="oc-164"/>
            <object_component_ref idref="oc-107"/>
            <object_component_ref idref="oc-168"/>
            <object_component_ref idref="oc-17c"/>
            <object_component_ref idref="oc-16d"/>
            <object_component_ref idref="oc-172"/>
            <object_component_ref idref="oc-c3"/>
            <object_component_ref idref="oc-fb"/>
         </contents>
      </logical_group>
      <logical_group id="lg-19a" display="never" color="cyan">
         <name>.debug_frame</name>
         <load_address>0x0</load_address>
         <run_address>0x0</run_address>
         <size>0x4f0</size>
         <contents>
            <object_component_ref idref="oc-8b"/>
            <object_component_ref idref="oc-85"/>
            <object_component_ref idref="oc-32"/>
            <object_component_ref idref="oc-79"/>
            <object_component_ref idref="oc-7f"/>
            <object_component_ref idref="oc-2c"/>
            <object_component_ref idref="oc-52"/>
            <object_component_ref idref="oc-20"/>
            <object_component_ref idref="oc-1a"/>
            <object_component_ref idref="oc-64"/>
            <object_component_ref idref="oc-108"/>
            <object_component_ref idref="oc-c4"/>
            <object_component_ref idref="oc-fc"/>
         </contents>
      </logical_group>
      <logical_group id="lg-19c" display="never" color="cyan">
         <name>.debug_abbrev</name>
         <load_address>0x0</load_address>
         <run_address>0x0</run_address>
         <size>0xc30</size>
         <contents>
            <object_component_ref idref="oc-d9"/>
            <object_component_ref idref="oc-d4"/>
            <object_component_ref idref="oc-dd"/>
            <object_component_ref idref="oc-9c"/>
            <object_component_ref idref="oc-3e"/>
            <object_component_ref idref="oc-e4"/>
            <object_component_ref idref="oc-a1"/>
            <object_component_ref idref="oc-d3"/>
            <object_component_ref idref="oc-e0"/>
            <object_component_ref idref="oc-d5"/>
            <object_component_ref idref="oc-d7"/>
            <object_component_ref idref="oc-97"/>
            <object_component_ref idref="oc-d1"/>
            <object_component_ref idref="oc-d2"/>
            <object_component_ref idref="oc-98"/>
            <object_component_ref idref="oc-33"/>
            <object_component_ref idref="oc-73"/>
            <object_component_ref idref="oc-f3"/>
            <object_component_ref idref="oc-b2"/>
            <object_component_ref idref="oc-b5"/>
            <object_component_ref idref="oc-f0"/>
            <object_component_ref idref="oc-b0"/>
            <object_component_ref idref="oc-46"/>
            <object_component_ref idref="oc-49"/>
            <object_component_ref idref="oc-ad"/>
            <object_component_ref idref="oc-ec"/>
            <object_component_ref idref="oc-36"/>
            <object_component_ref idref="oc-39"/>
            <object_component_ref idref="oc-e9"/>
            <object_component_ref idref="oc-a6"/>
            <object_component_ref idref="oc-71"/>
            <object_component_ref idref="oc-c8"/>
            <object_component_ref idref="oc-aa"/>
            <object_component_ref idref="oc-163"/>
            <object_component_ref idref="oc-13f"/>
            <object_component_ref idref="oc-167"/>
            <object_component_ref idref="oc-17b"/>
            <object_component_ref idref="oc-16c"/>
            <object_component_ref idref="oc-171"/>
            <object_component_ref idref="oc-f6"/>
            <object_component_ref idref="oc-135"/>
            <object_component_ref idref="oc-1b5"/>
         </contents>
      </logical_group>
      <logical_group id="lg-19e" display="never" color="cyan">
         <name>.debug_str</name>
         <load_address>0x0</load_address>
         <run_address>0x0</run_address>
         <size>0x17b3</size>
         <contents>
            <object_component_ref idref="oc-df"/>
            <object_component_ref idref="oc-9e"/>
            <object_component_ref idref="oc-40"/>
            <object_component_ref idref="oc-e6"/>
            <object_component_ref idref="oc-a3"/>
            <object_component_ref idref="oc-b7"/>
            <object_component_ref idref="oc-f2"/>
            <object_component_ref idref="oc-4b"/>
            <object_component_ref idref="oc-af"/>
            <object_component_ref idref="oc-3b"/>
            <object_component_ref idref="oc-eb"/>
            <object_component_ref idref="oc-a8"/>
            <object_component_ref idref="oc-169"/>
            <object_component_ref idref="oc-17d"/>
            <object_component_ref idref="oc-16e"/>
            <object_component_ref idref="oc-173"/>
         </contents>
      </logical_group>
      <logical_group id="lg-1a0" display="never" color="cyan">
         <name>.debug_aranges</name>
         <load_address>0x0</load_address>
         <run_address>0x0</run_address>
         <size>0x1f8</size>
         <contents>
            <object_component_ref idref="oc-88"/>
            <object_component_ref idref="oc-82"/>
            <object_component_ref idref="oc-2f"/>
            <object_component_ref idref="oc-76"/>
            <object_component_ref idref="oc-7c"/>
            <object_component_ref idref="oc-29"/>
            <object_component_ref idref="oc-4f"/>
            <object_component_ref idref="oc-1d"/>
            <object_component_ref idref="oc-17"/>
            <object_component_ref idref="oc-61"/>
            <object_component_ref idref="oc-43"/>
            <object_component_ref idref="oc-105"/>
            <object_component_ref idref="oc-c1"/>
            <object_component_ref idref="oc-f9"/>
         </contents>
      </logical_group>
      <logical_group id="lg-1a2" display="never" color="cyan">
         <name>.debug_pubnames</name>
         <load_address>0x0</load_address>
         <run_address>0x0</run_address>
         <size>0x337</size>
         <contents>
            <object_component_ref idref="oc-94"/>
            <object_component_ref idref="oc-89"/>
            <object_component_ref idref="oc-83"/>
            <object_component_ref idref="oc-96"/>
            <object_component_ref idref="oc-8e"/>
            <object_component_ref idref="oc-91"/>
            <object_component_ref idref="oc-30"/>
            <object_component_ref idref="oc-77"/>
            <object_component_ref idref="oc-7d"/>
            <object_component_ref idref="oc-14"/>
            <object_component_ref idref="oc-2a"/>
            <object_component_ref idref="oc-50"/>
            <object_component_ref idref="oc-1e"/>
            <object_component_ref idref="oc-18"/>
            <object_component_ref idref="oc-26"/>
            <object_component_ref idref="oc-62"/>
            <object_component_ref idref="oc-44"/>
            <object_component_ref idref="oc-106"/>
            <object_component_ref idref="oc-c2"/>
            <object_component_ref idref="oc-fa"/>
         </contents>
      </logical_group>
      <logical_group id="lg-1a4" display="never" color="cyan">
         <name>.debug_pubtypes</name>
         <load_address>0x0</load_address>
         <run_address>0x0</run_address>
         <size>0x9c0</size>
         <contents>
            <object_component_ref idref="oc-dc"/>
            <object_component_ref idref="oc-9b"/>
            <object_component_ref idref="oc-3d"/>
            <object_component_ref idref="oc-e3"/>
            <object_component_ref idref="oc-a0"/>
            <object_component_ref idref="oc-b4"/>
            <object_component_ref idref="oc-ef"/>
            <object_component_ref idref="oc-48"/>
            <object_component_ref idref="oc-ac"/>
            <object_component_ref idref="oc-38"/>
            <object_component_ref idref="oc-e8"/>
            <object_component_ref idref="oc-a5"/>
            <object_component_ref idref="oc-166"/>
            <object_component_ref idref="oc-17a"/>
            <object_component_ref idref="oc-16b"/>
            <object_component_ref idref="oc-170"/>
         </contents>
      </logical_group>
      <logical_group id="lg-1b2" display="no" color="cyan">
         <name>Veneer$$CMSE</name>
         <run_address>0x0</run_address>
         <size>0x0</size>
         <contents>
         </contents>
      </logical_group>
      <load_segment id="lg-1b8" display="no" color="cyan">
         <name>SEGMENT_0</name>
         <load_address>0x0</load_address>
         <run_address>0x0</run_address>
         <size>0x6d0</size>
         <flags>0x5</flags>
         <contents>
            <logical_group_ref idref="lg-3"/>
            <logical_group_ref idref="lg-4"/>
            <logical_group_ref idref="lg-6"/>
         </contents>
      </load_segment>
      <load_segment id="lg-1b9" display="no" color="cyan">
         <name>SEGMENT_1</name>
         <run_address>0x20000000</run_address>
         <size>0x214</size>
         <flags>0x6</flags>
         <contents>
            <logical_group_ref idref="lg-d"/>
            <logical_group_ref idref="lg-a"/>
            <logical_group_ref idref="lg-b"/>
         </contents>
      </load_segment>
   </logical_group_list>
[...]
            <run_size>0x8</run_size>
            <compression>zero_init</compression>
         </cprec>
         <cprec>
            <name>.data</name>
            <load_address>0x6b8</load_address>
            <load_size>0x7</load_size>
            <run_address>0x20000200</run_address>
            <run_size>0x9</run_size>
            <compression>lzss</compression>
         </cprec>
      </cptbl>
   </cptbl_list>
   <handler_table>
      <handler_table_name>__TI_handler_table</handler_table_name>
      <handler>
         <index>0x0</index>
         <name>__TI_decompress_lzss</name>
      </handler>
      <handler>
         <index>0x1</index>
         <name>__TI_decompress_none</name>
      </handler>
      <handler>
         <index>0x2</index>
         <name>__TI_zero_init</name>
      </handler>
   </handler_table>
   <symbol_table>
      <symbol id="sm-1">
         <name>__STACK_TOP</name>
         <value>0x20000200</value>
      </symbol>
      <symbol id="sm-2">
         <name>__start___llvm_prf_cnts</name>
         <value>0x20000000</value>
      </symbol>
      <symbol id="sm-3">
         <name>__stop___llvm_prf_cnts</name>
         <value>0x20000000</value>
      </symbol>
      <symbol id="sm-4">
         <name>__TI_CINIT_Base</name>
         <value>0x6c0</value>
      </symbol>
      <symbol id="sm-5">
         <name>__TI_CINIT_Limit</name>
         <value>0x6d0</value>
      </symbol>
      <symbol id="sm-6">
         <name>__TI_Handler_Table_Base</name>
         <value>0x6a0</value>
      </symbol>
      <symbol id="sm-7">
         <name>__TI_Handler_Table_Limit</name>
         <value>0x6ac</value>
      </symbol>
      <symbol id="sm-8">
         <name>binit</name>
         <value>0xffffffff</value>
      </symbol>
      <symbol id="sm-9">
         <name>__binit__</name>
         <value>0xffffffff</value>
      </symbol>
      <symbol id="sm-a">
         <name>__STACK_SIZE</name>
         <value>0x200</value>
      </symbol>
      <symbol id="sm-b">
         <name>__STACK_END</name>
         <value>0x20000200</value>
      </symbol>
      <symbol id="sm-c">
         <name>__c_args__</name>
         <value>0xffffffff</value>
      </symbol>
      <symbol id="sm-d">
         <name>__TI_pprof_out_hndl</name>
         <value>0xffffffff</value>
      </symbol>
      <symbol id="sm-e">
         <name>__TI_prof_data_start</name>
         <value>0xffffffff</value>
      </symbol>
      <symbol id="sm-f">
         <name>__TI_prof_data_size</name>
         <value>0xffffffff</value>
      </symbol>
      <symbol id="sm-60">
         <name>ADC</name>
         <value>0x2000020c</value>
      </symbol>
      <symbol id="sm-61">
         <name>ADC_var_Init</name>
         <value>0x26d</value>
         <object_component_ref idref="oc-86"/>
      </symbol>
      <symbol id="sm-62">
         <name>ADC0_PortE_Init</name>
         <value>0x27b</value>
         <object_component_ref idref="oc-86"/>
      </symbol>
      <symbol id="sm-63">
         <name>ADC0_InSeq2</name>
         <value>0x2d5</value>
         <object_component_ref idref="oc-86"/>
      </symbol>
      <symbol id="sm-77">
         <name>PortE_Init</name>
         <value>0x53d</value>
         <object_component_ref idref="oc-80"/>
      </symbol>
      <symbol id="sm-9c">
         <name>SysTick_Handler</name>
         <value>0x413</value>
         <object_component_ref idref="oc-2d"/>
      </symbol>
      <symbol id="sm-9d">
         <name>SysTick_Flag</name>
         <value>0x20000208</value>
         <object_component_ref idref="oc-8c"/>
      </symbol>
      <symbol id="sm-9e">
         <name>main</name>
         <value>0x3e5</value>
         <object_component_ref idref="oc-2d"/>
      </symbol>
      <symbol id="sm-9f">
         <name>ADC_xy_Data</name>
         <value>0x20000200</value>
         <object_component_ref idref="oc-8f"/>
      </symbol>
      <symbol id="sm-a0">
         <name>EnableInterrupts</name>
         <value>0x3e1</value>
         <object_component_ref idref="oc-2d"/>
      </symbol>
      <symbol id="sm-af">
         <name>SYSCLK_80MHz</name>
         <value>0x461</value>
         <object_component_ref idref="oc-74"/>
      </symbol>
      <symbol id="sm-be">
         <name>SysTick_Init</name>
         <value>0x5e9</value>
         <object_component_ref idref="oc-7a"/>
      </symbol>
      <symbol id="sm-da">
         <name>ResetISR</name>
         <value>0x68b</value>
         <object_component_ref idref="oc-27"/>
      </symbol>
      <symbol id="sm-db">
         <name>g_pfnVectors</name>
         <value>0x0</value>
         <object_component_ref idref="oc-12"/>
      </symbol>
      <symbol id="sm-f4">
         <name>__TI_zero_init_nomemset</name>
         <value>0x661</value>
         <object_component_ref idref="oc-4d"/>
      </symbol>
      <symbol id="sm-10b">
         <name>__TI_decompress_none</name>
         <value>0x67d</value>
         <object_component_ref idref="oc-1b"/>
      </symbol>
      <symbol id="sm-12e">
         <name>__TI_decompress_lzss</name>
         <value>0x4d5</value>
         <object_component_ref idref="oc-15"/>
      </symbol>
      <symbol id="sm-141">
         <name>__stack</name>
         <value>0x20000000</value>
         <object_component_ref idref="oc-24"/>
      </symbol>
      <symbol id="sm-142">
         <name>_c_int00_noargs</name>
         <value>0x62d</value>
         <object_component_ref idref="oc-5f"/>
      </symbol>
      <symbol id="sm-15e">
         <name>memcpy</name>
         <value>0x345</value>
         <object_component_ref idref="oc-41"/>
      </symbol>
      <symbol id="sm-15f">
         <name>__aeabi_memcpy</name>
         <value>0x345</value>
         <object_component_ref idref="oc-41"/>
      </symbol>
      <symbol id="sm-160">
         <name>__aeabi_memcpy8</name>
         <value>0x345</value>
         <object_component_ref idref="oc-41"/>
      </symbol>
      <symbol id="sm-161">
         <name>__aeabi_memcpy4</name>
         <value>0x345</value>
         <object_component_ref idref="oc-41"/>
      </symbol>
      <symbol id="sm-189">
         <name>__TI_auto_init_nobinit_nopinit</name>
         <value>0x5a5</value>
         <object_component_ref idref="oc-103"/>
      </symbol>
      <symbol id="sm-193">
         <name>_system_pre_init</name>
         <value>0x697</value>
         <object_component_ref idref="oc-bf"/>
      </symbol>
      <symbol id="sm-19f">
         <name>C$$EXIT</name>
         <value>0x69b</value>
         <object_component_ref idref="oc-f7"/>
      </symbol>
      <symbol id="sm-1a0">
         <name>abort</name>
         <value>0x69b</value>
         <object_component_ref idref="oc-f7"/>
      </symbol>
      <symbol id="sm-1a3">
         <name>__TI_static_base__</name>
         <value>0x0</value>
      </symbol>
      <symbol id="sm-1a6">
         <name>SVC_Handler</name>
         <value>0x0</value>
      </symbol>
      <symbol id="sm-1a7">
         <name>DebugMon_Handler</name>
         <value>0x0</value>
      </symbol>
      <symbol id="sm-1a8">
         <name>PendSV_Handler</name>
         <value>0x0</value>
      </symbol>
      <symbol id="sm-1a9">
         <name>GPIOPortA_Handler</name>
         <value>0x0</value>
      </symbol>
      <symbol id="sm-1aa">
         <name>GPIOPortB_Handler</name>
         <value>0x0</value>
      </symbol>
      <symbol id="sm-1ab">
         <name>GPIOPortC_Handler</name>
         <value>0x0</value>
      </symbol>
      <symbol id="sm-1ac">
         <name>GPIOPortD_Handler</name>
         <value>0x0</value>
      </symbol>
      <symbol id="sm-1ad">
         <name>GPIOPortE_Handler</name>
         <value>0x0</value>
      </symbol>
      <symbol id="sm-1ae">
         <name>UART0_Handler</name>
         <value>0x0</value>
      </symbol>
      <symbol id="sm-1af">
         <name>UART1_Handler</name>
         <value>0x0</value>
      </symbol>
      <symbol id="sm-1b0">
         <name>SSI0_Handler</name>
         <value>0x0</value>
      </symbol>
      <symbol id="sm-1b1">
         <name>I2C0_Handler</name>
         <value>0x0</value>
      </symbol>
      <symbol id="sm-1b2">
         <name>PWM0Fault_Handler</name>
         <value>0x0</value>
      </symbol>
      <symbol id="sm-1b3">
         <name>PWM0Generator0_Handler</name>
         <value>0x0</value>
      </symbol>
      <symbol id="sm-1b4">
         <name>PWM0Generator1_Handler</name>
         <value>0x0</value>
      </symbol>
      <symbol id="sm-1b5">
         <name>PWM0Generator2_Handler</name>
         <value>0x0</value>
      </symbol>
      <symbol id="sm-1b6">
         <name>Quadrature0_Handler</name>
         <value>0x0</value>
      </symbol>
      <symbol id="sm-1b7">
         <name>ADC0Seq0_Handler</name>
         <value>0x0</value>
      </symbol>
      <symbol id="sm-1b8">
         <name>ADC0Seq1_Handler</name>
         <value>0x0</value>
      </symbol>
      <symbol id="sm-1b9">
         <name>ADC0Seq2_Handler</name>
         <value>0x0</value>
      </symbol>
      <symbol id="sm-1ba">
         <name>ADC0Seq3_Handler</name>
         <value>0x0</value>
      </symbol>
      <symbol id="sm-1bb">
         <name>WDT_Handler</name>
         <value>0x0</value>
      </symbol>
      <symbol id="sm-1bc">
         <name>Timer0A_Handler</name>
         <value>0x0</value>
      </symbol>
      <symbol id="sm-1bd">
         <name>Timer0B_Handler</name>
         <value>0x0</value>
      </symbol>
      <symbol id="sm-1be">
         <name>Timer1A_Handler</name>
         <value>0x0</value>
      </symbol>
      <symbol id="sm-1bf">
         <name>Timer1B_Handler</name>
         <value>0x0</value>
      </symbol>
      <symbol id="sm-1c0">
         <name>Timer2A_Handler</name>
         <value>0x0</value>
      </symbol>
      <symbol id="sm-1c1">
         <name>Timer2B_Handler</name>
         <value>0x0</value>
      </symbol>
      <symbol id="sm-1c2">
         <name>Comp0_Handler</name>
         <value>0x0</value>
      </symbol>
      <symbol id="sm-1c3">
         <name>Comp1_Handler</name>
         <value>0x0</value>
      </symbol>
      <symbol id="sm-1c4">
         <name>Comp2_Handler</name>
         <value>0x0</value>
      </symbol>
      <symbol id="sm-1c5">
         <name>SysCtl_Handler</name>
         <value>0x0</value>
      </symbol>
      <symbol id="sm-1c6">
         <name>FlashCtl_Handler</name>
         <value>0x0</value>
      </symbol>
      <symbol id="sm-1c7">
         <name>GPIOPortF_Handler</name>
         <value>0x0</value>
      </symbol>
      <symbol id="sm-1c8">
         <name>GPIOPortG_Handler</name>
         <value>0x0</value>
      </symbol>
      <symbol id="sm-1c9">
         <name>GPIOPortH_Handler</name>
         <value>0x0</value>
      </symbol>
      <symbol id="sm-1ca">
         <name>UART2_Handler</name>
         <value>0x0</value>
      </symbol>
      <symbol id="sm-1cb">
         <name>SSI1_Handler</name>
         <value>0x0</value>
      </symbol>
      <symbol id="sm-1cc">
         <name>Timer3A_Handler</name>
         <value>0x0</value>
      </symbol>
      <symbol id="sm-1cd">
         <name>Timer3B_Handler</name>
         <value>0x0</value>
      </symbol>
      <symbol id="sm-1ce">
         <name>I2C1_Handler</name>
         <value>0x0</value>
      </symbol>
      <symbol id="sm-1cf">
         <name>Quadrature1_Handler</name>
         <value>0x0</value>
      </symbol>
      <symbol id="sm-1d0">
         <name>CAN0_Handler</name>
         <value>0x0</value>
      </symbol>
      <symbol id="sm-1d1">
         <name>CAN1_Handler</name>
         <value>0x0</value>
      </symbol>
      <symbol id="sm-1d2">
         <name>CAN2_Handler</name>
         <value>0x0</value>
      </symbol>
      <symbol id="sm-1d3">
         <name>Ethernet_Handler</name>
         <value>0x0</value>
      </symbol>
      <symbol id="sm-1d4">
         <name>Hibernate_Handler</name>
         <value>0x0</value>
      </symbol>
      <symbol id="sm-1d5">
         <name>USB0_Handler</name>
         <value>0x0</value>
      </symbol>
      <symbol id="sm-1d6">
         <name>PWM0Generator3_Handler</name>
         <value>0x0</value>
      </symbol>
      <symbol id="sm-1d7">
         <name>uDMA_Handler</name>
         <value>0x0</value>
      </symbol>
      <symbol id="sm-1d8">
         <name>uDMA_Error</name>
         <value>0x0</value>
      </symbol>
      <symbol id="sm-1d9">
         <name>ADC1Seq0_Handler</name>
         <value>0x0</value>
      </symbol>
      <symbol id="sm-1da">
         <name>ADC1Seq1_Handler</name>
         <value>0x0</value>
      </symbol>
      <symbol id="sm-1db">
         <name>ADC1Seq2_Handler</name>
         <value>0x0</value>
      </symbol>
      <symbol id="sm-1dc">
         <name>ADC1Seq3_Handler</name>
         <value>0x0</value>
      </symbol>
      <symbol id="sm-1dd">
         <name>I2S0_Handler</name>
         <value>0x0</value>
      </symbol>
      <symbol id="sm-1de">
         <name>ExtBus_Handler</name>
         <value>0x0</value>
      </symbol>
      <symbol id="sm-1df">
         <name>GPIOPortJ_Handler</name>
         <value>0x0</value>
      </symbol>
      <symbol id="sm-1e0">
         <name>GPIOPortK_Handler</name>
         <value>0x0</value>
      </symbol>
      <symbol id="sm-1e1">
         <name>GPIOPortL_Handler</name>
         <value>0x0</value>
      </symbol>
      <symbol id="sm-1e2">
         <name>SSI2_Handler</name>
         <value>0x0</value>
      </symbol>
      <symbol id="sm-1e3">
         <name>SSI3_Handler</name>
         <value>0x0</value>
      </symbol>
      <symbol id="sm-1e4">
         <name>UART3_Handler</name>
         <value>0x0</value>
      </symbol>
      <symbol id="sm-1e5">
         <name>UART4_Handler</name>
         <value>0x0</value>
      </symbol>
      <symbol id="sm-1e6">
         <name>UART5_Handler</name>
         <value>0x0</value>
      </symbol>
      <symbol id="sm-1e7">
         <name>UART6_Handler</name>
         <value>0x0</value>
      </symbol>
      <symbol id="sm-1e8">
         <name>UART7_Handler</name>
         <value>0x0</value>
      </symbol>
      <symbol id="sm-1e9">
         <name>I2C2_Handler</name>
         <value>0x0</value>
      </symbol>
      <symbol id="sm-1ea">
         <name>I2C3_Handler</name>
         <value>0x0</value>
      </symbol>
      <symbol id="sm-1eb">
         <name>Timer4A_Handler</name>
         <value>0x0</value>
      </symbol>
      <symbol id="sm-1ec">
         <name>Timer4B_Handler</name>
         <value>0x0</value>
      </symbol>
      <symbol id="sm-1ed">
         <name>Timer5A_Handler</name>
         <value>0x0</value>
      </symbol>
      <symbol id="sm-1ee">
         <name>Timer5B_Handler</name>
         <value>0x0</value>
      </symbol>
      <symbol id="sm-1ef">
         <name>WideTimer0A_Handler</name>
         <value>0x0</value>
      </symbol>
      <symbol id="sm-1f0">
         <name>WideTimer0B_Handler</name>
         <value>0x0</value>
      </symbol>
      <symbol id="sm-1f1">
         <name>WideTimer1A_Handler</name>
         <value>0x0</value>
      </symbol>
      <symbol id="sm-1f2">
         <name>WideTimer1B_Handler</name>
         <value>0x0</value>
      </symbol>
      <symbol id="sm-1f3">
         <name>WideTimer2A_Handler</name>
         <value>0x0</value>
      </symbol>
      <symbol id="sm-1f4">
         <name>WideTimer2B_Handler</name>
         <value>0x0</value>
      </symbol>
      <symbol id="sm-1f5">
         <name>WideTimer3A_Handler</name>
         <value>0x0</value>
      </symbol>
      <symbol id="sm-1f6">
         <name>WideTimer3B_Handler</name>
         <value>0x0</value>
      </symbol>
      <symbol id="sm-1f7">
         <name>WideTimer4A_Handler</name>
         <value>0x0</value>
      </symbol>
      <symbol id="sm-1f8">
         <name>WideTimer4B_Handler</name>
         <value>0x0</value>
      </symbol>
      <symbol id="sm-1f9">
         <name>WideTimer5A_Handler</name>
         <value>0x0</value>
      </symbol>
      <symbol id="sm-1fa">
         <name>WideTimer5B_Handler</name>
         <value>0x0</value>
      </symbol>
      <symbol id="sm-1fb">
         <name>FPU_Handler</name>
         <value>0x0</value>
      </symbol>
      <symbol id="sm-1fc">
         <name>PECI0_Handler</name>
         <value>0x0</value>
      </symbol>
      <symbol id="sm-1fd">
         <name>LPC0_Handler</name>
         <value>0x0</value>
      </symbol>
      <symbol id="sm-1fe">
         <name>I2C4_Handler</name>
         <value>0x0</value>
      </symbol>
      <symbol id="sm-1ff">
         <name>I2C5_Handler</name>
         <value>0x0</value>
      </symbol>
      <symbol id="sm-200">
         <name>GPIOPortM_Handler</name>
         <value>0x0</value>
      </symbol>
      <symbol id="sm-201">
         <name>GPIOPortN_Handler</name>
         <value>0x0</value>
      </symbol>
      <symbol id="sm-202">
         <name>Quadrature2_Handler</name>
         <value>0x0</value>
      </symbol>
      <symbol id="sm-203">
         <name>Fan0_Handler</name>
         <value>0x0</value>
      </symbol>
      <symbol id="sm-204">
         <name>GPIOPortP_Handler</name>
         <value>0x0</value>
      </symbol>
      <symbol id="sm-205">
         <name>GPIOPortP1_Handler</name>
         <value>0x0</value>
      </symbol>
      <symbol id="sm-206">
         <name>GPIOPortP2_Handler</name>
         <value>0x0</value>
      </symbol>
      <symbol id="sm-207">
         <name>GPIOPortP3_Handler</name>
         <value>0x0</value>
      </symbol>
      <symbol id="sm-208">
         <name>GPIOPortP4_Handler</name>
         <value>0x0</value>
      </symbol>
      <symbol id="sm-209">
         <name>GPIOPortP5_Handler</name>
         <value>0x0</value>
      </symbol>
      <symbol id="sm-20a">
         <name>GPIOPortP6_Handler</name>
         <value>0x0</value>
      </symbol>
      <symbol id="sm-20b">
         <name>GPIOPortP7_Handler</name>
         <value>0x0</value>
      </symbol>
      <symbol id="sm-20c">
         <name>GPIOPortQ_Handler</name>
         <value>0x0</value>
      </symbol>
      <symbol id="sm-20d">
         <name>GPIOPortQ1_Handler</name>
         <value>0x0</value>
      </symbol>
      <symbol id="sm-20e">
         <name>GPIOPortQ2_Handler</name>
         <value>0x0</value>
      </symbol>
      <symbol id="sm-20f">
         <name>GPIOPortQ3_Handler</name>
         <value>0x0</value>
      </symbol>
      <symbol id="sm-210">
         <name>GPIOPortQ4_Handler</name>
         <value>0x0</value>
      </symbol>
      <symbol id="sm-211">
         <name>GPIOPortQ5_Handler</name>
         <value>0x0</value>
      </symbol>
      <symbol id="sm-212">
         <name>GPIOPortQ6_Handler</name>
         <value>0x0</value>
      </symbol>
      <symbol id="sm-213">
         <name>GPIOPortQ7_Handler</name>
         <value>0x0</value>
      </symbol>
      <symbol id="sm-214">
         <name>GPIOPortR_Handler</name>
         <value>0x0</value>
      </symbol>
      <symbol id="sm-215">
         <name>GPIOPortS_Handler</name>
         <value>0x0</value>
      </symbol>
      <symbol id="sm-216">
         <name>PWM1Generator0_Handler</name>
         <value>0x0</value>
      </symbol>
      <symbol id="sm-217">
         <name>PWM1Generator1_Handler</name>
         <value>0x0</value>
      </symbol>
      <symbol id="sm-218">
         <name>PWM1Generator2_Handler</name>
         <value>0x0</value>
      </symbol>
      <symbol id="sm-219">
         <name>PWM1Generator3_Handler</name>
         <value>0x0</value>
      </symbol>
      <symbol id="sm-21a">
         <name>PWM1Fault_Handler</name>
         <value>0x0</value>
      </symbol>
      <symbol id="sm-21b">
         <name>__mpu_init</name>
         <value>0x0</value>
      </symbol>
      <symbol id="sm-21c">
         <name>_system_post_cinit</name>
         <value>0x0</value>
      </symbol>
   </symbol_table>
   <title>Link successful</title>
</link_info>
